Archive member included to satisfy reference by file (symbol)

C:/ST/STM32CubeIDE_1.15.0/STM32CubeIDE/plugins/com.st.stm32cube.ide.mcu.externaltools.gnu-tools-for-stm32.12.3.rel1.win32_1.0.100.202403111256/tools/bin/../lib/gcc/arm-none-eabi/12.3.1/../../../../arm-none-eabi/lib/thumb/v6-m/nofp\libc_nano.a(libc_a-exit.o)
                              C:/ST/STM32CubeIDE_1.15.0/STM32CubeIDE/plugins/com.st.stm32cube.ide.mcu.externaltools.gnu-tools-for-stm32.12.3.rel1.win32_1.0.100.202403111256/tools/bin/../lib/gcc/arm-none-eabi/12.3.1/../../../../arm-none-eabi/lib/thumb/v6-m/nofp/crt0.o (exit)
C:/ST/STM32CubeIDE_1.15.0/STM32CubeIDE/plugins/com.st.stm32cube.ide.mcu.externaltools.gnu-tools-for-stm32.12.3.rel1.win32_1.0.100.202403111256/tools/bin/../lib/gcc/arm-none-eabi/12.3.1/../../../../arm-none-eabi/lib/thumb/v6-m/nofp\libc_nano.a(libc_a-findfp.o)
                              C:/ST/STM32CubeIDE_1.15.0/STM32CubeIDE/plugins/com.st.stm32cube.ide.mcu.externaltools.gnu-tools-for-stm32.12.3.rel1.win32_1.0.100.202403111256/tools/bin/../lib/gcc/arm-none-eabi/12.3.1/../../../../arm-none-eabi/lib/thumb/v6-m/nofp\libc_nano.a(libc_a-exit.o) (__stdio_exit_handler)
C:/ST/STM32CubeIDE_1.15.0/STM32CubeIDE/plugins/com.st.stm32cube.ide.mcu.externaltools.gnu-tools-for-stm32.12.3.rel1.win32_1.0.100.202403111256/tools/bin/../lib/gcc/arm-none-eabi/12.3.1/../../../../arm-none-eabi/lib/thumb/v6-m/nofp\libc_nano.a(libc_a-fwalk.o)
                              C:/ST/STM32CubeIDE_1.15.0/STM32CubeIDE/plugins/com.st.stm32cube.ide.mcu.externaltools.gnu-tools-for-stm32.12.3.rel1.win32_1.0.100.202403111256/tools/bin/../lib/gcc/arm-none-eabi/12.3.1/../../../../arm-none-eabi/lib/thumb/v6-m/nofp\libc_nano.a(libc_a-findfp.o) (_fwalk_sglue)
C:/ST/STM32CubeIDE_1.15.0/STM32CubeIDE/plugins/com.st.stm32cube.ide.mcu.externaltools.gnu-tools-for-stm32.12.3.rel1.win32_1.0.100.202403111256/tools/bin/../lib/gcc/arm-none-eabi/12.3.1/../../../../arm-none-eabi/lib/thumb/v6-m/nofp\libc_nano.a(libc_a-stdio.o)
                              C:/ST/STM32CubeIDE_1.15.0/STM32CubeIDE/plugins/com.st.stm32cube.ide.mcu.externaltools.gnu-tools-for-stm32.12.3.rel1.win32_1.0.100.202403111256/tools/bin/../lib/gcc/arm-none-eabi/12.3.1/../../../../arm-none-eabi/lib/thumb/v6-m/nofp\libc_nano.a(libc_a-findfp.o) (__sread)
C:/ST/STM32CubeIDE_1.15.0/STM32CubeIDE/plugins/com.st.stm32cube.ide.mcu.externaltools.gnu-tools-for-stm32.12.3.rel1.win32_1.0.100.202403111256/tools/bin/../lib/gcc/arm-none-eabi/12.3.1/../../../../arm-none-eabi/lib/thumb/v6-m/nofp\libc_nano.a(libc_a-memset.o)
                              C:/ST/STM32CubeIDE_1.15.0/STM32CubeIDE/plugins/com.st.stm32cube.ide.mcu.externaltools.gnu-tools-for-stm32.12.3.rel1.win32_1.0.100.202403111256/tools/bin/../lib/gcc/arm-none-eabi/12.3.1/../../../../arm-none-eabi/lib/thumb/v6-m/nofp/crt0.o (memset)
C:/ST/STM32CubeIDE_1.15.0/STM32CubeIDE/plugins/com.st.stm32cube.ide.mcu.externaltools.gnu-tools-for-stm32.12.3.rel1.win32_1.0.100.202403111256/tools/bin/../lib/gcc/arm-none-eabi/12.3.1/../../../../arm-none-eabi/lib/thumb/v6-m/nofp\libc_nano.a(libc_a-closer.o)
                              C:/ST/STM32CubeIDE_1.15.0/STM32CubeIDE/plugins/com.st.stm32cube.ide.mcu.externaltools.gnu-tools-for-stm32.12.3.rel1.win32_1.0.100.202403111256/tools/bin/../lib/gcc/arm-none-eabi/12.3.1/../../../../arm-none-eabi/lib/thumb/v6-m/nofp\libc_nano.a(libc_a-stdio.o) (_close_r)
C:/ST/STM32CubeIDE_1.15.0/STM32CubeIDE/plugins/com.st.stm32cube.ide.mcu.externaltools.gnu-tools-for-stm32.12.3.rel1.win32_1.0.100.202403111256/tools/bin/../lib/gcc/arm-none-eabi/12.3.1/../../../../arm-none-eabi/lib/thumb/v6-m/nofp\libc_nano.a(libc_a-reent.o)
                              C:/ST/STM32CubeIDE_1.15.0/STM32CubeIDE/plugins/com.st.stm32cube.ide.mcu.externaltools.gnu-tools-for-stm32.12.3.rel1.win32_1.0.100.202403111256/tools/bin/../lib/gcc/arm-none-eabi/12.3.1/../../../../arm-none-eabi/lib/thumb/v6-m/nofp\libc_nano.a(libc_a-closer.o) (errno)
C:/ST/STM32CubeIDE_1.15.0/STM32CubeIDE/plugins/com.st.stm32cube.ide.mcu.externaltools.gnu-tools-for-stm32.12.3.rel1.win32_1.0.100.202403111256/tools/bin/../lib/gcc/arm-none-eabi/12.3.1/../../../../arm-none-eabi/lib/thumb/v6-m/nofp\libc_nano.a(libc_a-impure.o)
                              C:/ST/STM32CubeIDE_1.15.0/STM32CubeIDE/plugins/com.st.stm32cube.ide.mcu.externaltools.gnu-tools-for-stm32.12.3.rel1.win32_1.0.100.202403111256/tools/bin/../lib/gcc/arm-none-eabi/12.3.1/../../../../arm-none-eabi/lib/thumb/v6-m/nofp\libc_nano.a(libc_a-reent.o) (_impure_ptr)
C:/ST/STM32CubeIDE_1.15.0/STM32CubeIDE/plugins/com.st.stm32cube.ide.mcu.externaltools.gnu-tools-for-stm32.12.3.rel1.win32_1.0.100.202403111256/tools/bin/../lib/gcc/arm-none-eabi/12.3.1/../../../../arm-none-eabi/lib/thumb/v6-m/nofp\libc_nano.a(libc_a-lseekr.o)
[...]
Memory Configuration

Name             Origin             Length             Attributes
RAM              0x20000000         0x00008000         xrw
FLASH            0x08000000         0x00040000         xr
*default*        0x00000000         0xffffffff

Linker script and memory map

LOAD C:/ST/STM32CubeIDE_1.15.0/STM32CubeIDE/plugins/com.st.stm32cube.ide.mcu.externaltools.gnu-tools-for-stm32.12.3.rel1.win32_1.0.100.202403111256/tools/bin/../lib/gcc/arm-none-eabi/12.3.1/thumb/v6-m/nofp/crti.o
LOAD C:/ST/STM32CubeIDE_1.15.0/STM32CubeIDE/plugins/com.st.stm32cube.ide.mcu.externaltools.gnu-tools-for-stm32.12.3.rel1.win32_1.0.100.202403111256/tools/bin/../lib/gcc/arm-none-eabi/12.3.1/thumb/v6-m/nofp/crtbegin.o
LOAD C:/ST/STM32CubeIDE_1.15.0/STM32CubeIDE/plugins/com.st.stm32cube.ide.mcu.externaltools.gnu-tools-for-stm32.12.3.rel1.win32_1.0.100.202403111256/tools/bin/../lib/gcc/arm-none-eabi/12.3.1/../../../../arm-none-eabi/lib/thumb/v6-m/nofp/crt0.o
LOAD ./Core/Src/main.o
LOAD ./Core/Src/stm32u0xx_hal_msp.o
LOAD ./Core/Src/stm32u0xx_it.o
LOAD ./Core/Src/syscalls.o
LOAD ./Core/Src/sysmem.o
LOAD ./Core/Src/system_stm32u0xx.o
LOAD ./Core/Startup/startup_stm32u083rctx.o
LOAD ./Drivers/STM32U0xx_HAL_Driver/Src/stm32u0xx_hal.o
LOAD ./Drivers/STM32U0xx_HAL_Driver/Src/stm32u0xx_hal_cortex.o
LOAD ./Drivers/STM32U0xx_HAL_Driver/Src/stm32u0xx_hal_dma.o
LOAD ./Drivers/STM32U0xx_HAL_Driver/Src/stm32u0xx_hal_dma_ex.o
LOAD ./Drivers/STM32U0xx_HAL_Driver/Src/stm32u0xx_hal_exti.o
LOAD ./Drivers/STM32U0xx_HAL_Driver/Src/stm32u0xx_hal_flash.o
LOAD ./Drivers/STM32U0xx_HAL_Driver/Src/stm32u0xx_hal_flash_ex.o
LOAD ./Drivers/STM32U0xx_HAL_Driver/Src/stm32u0xx_hal_gpio.o
LOAD ./Drivers/STM32U0xx_HAL_Driver/Src/stm32u0xx_hal_pwr.o
LOAD ./Drivers/STM32U0xx_HAL_Driver/Src/stm32u0xx_hal_pwr_ex.o
LOAD ./Drivers/STM32U0xx_HAL_Driver/Src/stm32u0xx_hal_rcc.o
LOAD ./Drivers/STM32U0xx_HAL_Driver/Src/stm32u0xx_hal_rcc_ex.o
LOAD ./Drivers/STM32U0xx_HAL_Driver/Src/stm32u0xx_hal_tim.o
LOAD ./Drivers/STM32U0xx_HAL_Driver/Src/stm32u0xx_hal_tim_ex.o
START GROUP
LOAD C:/ST/STM32CubeIDE_1.15.0/STM32CubeIDE/plugins/com.st.stm32cube.ide.mcu.externaltools.gnu-tools-for-stm32.12.3.rel1.win32_1.0.100.202403111256/tools/bin/../lib/gcc/arm-none-eabi/12.3.1/../../../../arm-none-eabi/lib/thumb/v6-m/nofp\libc_nano.a
LOAD C:/ST/STM32CubeIDE_1.15.0/STM32CubeIDE/plugins/com.st.stm32cube.ide.mcu.externaltools.gnu-tools-for-stm32.12.3.rel1.win32_1.0.100.202403111256/tools/bin/../lib/gcc/arm-none-eabi/12.3.1/../../../../arm-none-eabi/lib/thumb/v6-m/nofp\libm.a
END GROUP
START GROUP
LOAD C:/ST/STM32CubeIDE_1.15.0/STM32CubeIDE/plugins/com.st.stm32cube.ide.mcu.externaltools.gnu-tools-for-stm32.12.3.rel1.win32_1.0.100.202403111256/tools/bin/../lib/gcc/arm-none-eabi/12.3.1/thumb/v6-m/nofp\libgcc.a
LOAD C:/ST/STM32CubeIDE_1.15.0/STM32CubeIDE/plugins/com.st.stm32cube.ide.mcu.externaltools.gnu-tools-for-stm32.12.3.rel1.win32_1.0.100.202403111256/tools/bin/../lib/gcc/arm-none-eabi/12.3.1/../../../../arm-none-eabi/lib/thumb/v6-m/nofp\libc_nano.a
END GROUP
START GROUP
LOAD C:/ST/STM32CubeIDE_1.15.0/STM32CubeIDE/plugins/com.st.stm32cube.ide.mcu.externaltools.gnu-tools-for-stm32.12.3.rel1.win32_1.0.100.202403111256/tools/bin/../lib/gcc/arm-none-eabi/12.3.1/thumb/v6-m/nofp\libgcc.a
LOAD C:/ST/STM32CubeIDE_1.15.0/STM32CubeIDE/plugins/com.st.stm32cube.ide.mcu.externaltools.gnu-tools-for-stm32.12.3.rel1.win32_1.0.100.202403111256/tools/bin/../lib/gcc/arm-none-eabi/12.3.1/../../../../arm-none-eabi/lib/thumb/v6-m/nofp\libc_nano.a
LOAD C:/ST/STM32CubeIDE_1.15.0/STM32CubeIDE/plugins/com.st.stm32cube.ide.mcu.externaltools.gnu-tools-for-stm32.12.3.rel1.win32_1.0.100.202403111256/tools/bin/../lib/gcc/arm-none-eabi/12.3.1/../../../../arm-none-eabi/lib/thumb/v6-m/nofp\libnosys.a
END GROUP
START GROUP
LOAD C:/ST/STM32CubeIDE_1.15.0/STM32CubeIDE/plugins/com.st.stm32cube.ide.mcu.externaltools.gnu-tools-for-stm32.12.3.rel1.win32_1.0.100.202403111256/tools/bin/../lib/gcc/arm-none-eabi/12.3.1/thumb/v6-m/nofp\libgcc.a
LOAD C:/ST/STM32CubeIDE_1.15.0/STM32CubeIDE/plugins/com.st.stm32cube.ide.mcu.externaltools.gnu-tools-for-stm32.12.3.rel1.win32_1.0.100.202403111256/tools/bin/../lib/gcc/arm-none-eabi/12.3.1/../../../../arm-none-eabi/lib/thumb/v6-m/nofp\libc_nano.a
LOAD C:/ST/STM32CubeIDE_1.15.0/STM32CubeIDE/plugins/com.st.stm32cube.ide.mcu.externaltools.gnu-tools-for-stm32.12.3.rel1.win32_1.0.100.202403111256/tools/bin/../lib/gcc/arm-none-eabi/12.3.1/../../../../arm-none-eabi/lib/thumb/v6-m/nofp\libnosys.a
END GROUP
LOAD C:/ST/STM32CubeIDE_1.15.0/STM32CubeIDE/plugins/com.st.stm32cube.ide.mcu.externaltools.gnu-tools-for-stm32.12.3.rel1.win32_1.0.100.202403111256/tools/bin/../lib/gcc/arm-none-eabi/12.3.1/thumb/v6-m/nofp/crtend.o
LOAD C:/ST/STM32CubeIDE_1.15.0/STM32CubeIDE/plugins/com.st.stm32cube.ide.mcu.externaltools.gnu-tools-for-stm32.12.3.rel1.win32_1.0.100.202403111256/tools/bin/../lib/gcc/arm-none-eabi/12.3.1/thumb/v6-m/nofp/crtn.o
                0x20008000                        _estack = (ORIGIN (RAM) + LENGTH (RAM))
                0x00000200                        _Min_Heap_Size = 0x200
                0x00000400                        _Min_Stack_Size = 0x400

.isr_vector     0x08000000       0xc0
                0x08000000                        . = ALIGN (0x4)
 *(.isr_vector)
 .isr_vector    0x08000000       0xc0 ./Core/Startup/startup_stm32u083rctx.o
                0x08000000                g_pfnVectors
                0x080000c0                        . = ALIGN (0x4)

.text           0x080000c0     0x2e64
                0x080000c0                        . = ALIGN (0x4)
 *(.text)
 .text          0x080000c0       0x48 C:/ST/STM32CubeIDE_1.15.0/STM32CubeIDE/plugins/com.st.stm32cube.ide.mcu.externaltools.gnu-tools-for-stm32.12.3.rel1.win32_1.0.100.202403111256/tools/bin/../lib/gcc/arm-none-eabi/12.3.1/thumb/v6-m/nofp/crtbegin.o
 .text          0x08000108      0x114 C:/ST/STM32CubeIDE_1.15.0/STM32CubeIDE/plugins/com.st.stm32cube.ide.mcu.externaltools.gnu-tools-for-stm32.12.3.rel1.win32_1.0.100.202403111256/tools/bin/../lib/gcc/arm-none-eabi/12.3.1/thumb/v6-m/nofp\libgcc.a(_udivsi3.o)
                0x08000108                __aeabi_uidiv
                0x08000108                __udivsi3
                0x08000214                __aeabi_uidivmod
 .text          0x0800021c        0x4 C:/ST/STM32CubeIDE_1.15.0/STM32CubeIDE/plugins/com.st.stm32cube.ide.mcu.externaltools.gnu-tools-for-stm32.12.3.rel1.win32_1.0.100.202403111256/tools/bin/../lib/gcc/arm-none-eabi/12.3.1/thumb/v6-m/nofp\libgcc.a(_dvmd_tls.o)
                0x0800021c                __aeabi_idiv0
                0x0800021c                __aeabi_ldiv0
 *(.text*)
 .text.main     0x08000220       0xa8 ./Core/Src/main.o
                0x08000220                main
 .text.SystemClock_Config
                0x080002c8       0x90 ./Core/Src/main.o
                0x080002c8                SystemClock_Config
 .text.MX_TIM2_Init
                0x08000358       0xfc ./Core/Src/main.o
 .text.MX_DMA_Init
                0x08000454       0xb4 ./Core/Src/main.o
 .text.MX_GPIO_Init
                0x08000508       0x78 ./Core/Src/main.o
 .text.Error_Handler
                0x08000580        0xc ./Core/Src/main.o
                0x08000580                Error_Handler
 .text.HAL_MspInit
                0x0800058c       0x48 ./Core/Src/stm32u0xx_hal_msp.o
                0x0800058c                HAL_MspInit
 .text.HAL_TIM_Base_MspInit
                0x080005d4       0x38 ./Core/Src/stm32u0xx_hal_msp.o
                0x080005d4                HAL_TIM_Base_MspInit
 .text.HAL_TIM_MspPostInit
                0x0800060c       0x78 ./Core/Src/stm32u0xx_hal_msp.o
                0x0800060c                HAL_TIM_MspPostInit
 .text.NMI_Handler
                0x08000684        0x8 ./Core/Src/stm32u0xx_it.o
                0x08000684                NMI_Handler
 .text.HardFault_Handler
                0x0800068c        0x8 ./Core/Src/stm32u0xx_it.o
                0x0800068c                HardFault_Handler
 .text.SVC_Handler
                0x08000694        0xa ./Core/Src/stm32u0xx_it.o
                0x08000694                SVC_Handler
 .text.PendSV_Handler
                0x0800069e        0xa ./Core/Src/stm32u0xx_it.o
                0x0800069e                PendSV_Handler
 .text.SysTick_Handler
                0x080006a8        0xe ./Core/Src/stm32u0xx_it.o
                0x080006a8                SysTick_Handler
 *fill*         0x080006b6        0x2 
 .text.SystemInit
                0x080006b8       0x54 ./Core/Src/system_stm32u0xx.o
                0x080006b8                SystemInit
 .text.Reset_Handler
                0x0800070c       0x50 ./Core/Startup/startup_stm32u083rctx.o
                0x0800070c                Reset_Handler
 .text.Default_Handler
                0x0800075c        0x2 ./Core/Startup/startup_stm32u083rctx.o
                0x0800075c                WWDG_IWDG_IRQHandler
                0x0800075c                DMA1_Ch4_7_DMA2_Ch1_5_DMAMUX_OVR_IRQHandler
                0x0800075c                TIM1_CC_IRQHandler
                0x0800075c                TSC_IRQHandler
                0x0800075c                USB_DRD_FS_IRQHandler
                0x0800075c                I2C1_IRQHandler
                0x0800075c                TIM7_LPTIM2_IRQHandler
                0x0800075c                RCC_CRS_IRQHandler
                0x0800075c                RTC_TAMP_IRQHandler
                0x0800075c                I2C2_3_4_IRQHandler
                0x0800075c                SPI1_IRQHandler
                0x0800075c                EXTI2_3_IRQHandler
                0x0800075c                USART2_LPUART2_IRQHandler
                0x0800075c                LCD_IRQHandler
                0x0800075c                TIM16_IRQHandler
                0x0800075c                TIM3_IRQHandler
                0x0800075c                EXTI4_15_IRQHandler
                0x0800075c                DMA1_Channel1_IRQHandler
                0x0800075c                Default_Handler
                0x0800075c                TIM15_LPTIM3_IRQHandler
                0x0800075c                EXTI0_1_IRQHandler
                0x0800075c                SPI2_3_IRQHandler
                0x0800075c                ADC_COMP1_2_IRQHandler
                0x0800075c                PVD_PVM_IRQHandler
                0x0800075c                TIM6_DAC_LPTIM1_IRQHandler
                0x0800075c                TIM2_IRQHandler
                0x0800075c                DMA1_Channel2_3_IRQHandler
                0x0800075c                USART4_LPUART3_IRQHandler
                0x0800075c                FLASH_ECC_IRQHandler
                0x0800075c                USART3_LPUART1_IRQHandler
                0x0800075c                USART1_IRQHandler
                0x0800075c                TIM1_BRK_UP_TRG_COM_IRQHandler
                0x0800075c                RNG_CRYP_IRQHandler
 .text.HAL_Init
                0x0800075e       0x2e ./Drivers/STM32U0xx_HAL_Driver/Src/stm32u0xx_hal.o
                0x0800075e                HAL_Init
 .text.HAL_InitTick
                0x0800078c       0x94 ./Drivers/STM32U0xx_HAL_Driver/Src/stm32u0xx_hal.o
                0x0800078c                HAL_InitTick
 .text.HAL_IncTick
                0x08000820       0x20 ./Drivers/STM32U0xx_HAL_Driver/Src/stm32u0xx_hal.o
                0x08000820                HAL_IncTick
 .text.HAL_GetTick
                0x08000840       0x14 ./Drivers/STM32U0xx_HAL_Driver/Src/stm32u0xx_hal.o
                0x08000840                HAL_GetTick
 .text.HAL_SuspendTick
                0x08000854       0x1c ./Drivers/STM32U0xx_HAL_Driver/Src/stm32u0xx_hal.o
                0x08000854                HAL_SuspendTick
 .text.HAL_ResumeTick
                0x08000870       0x1c ./Drivers/STM32U0xx_HAL_Driver/Src/stm32u0xx_hal.o
                0x08000870                HAL_ResumeTick
 .text.__NVIC_SetPriority
                0x0800088c       0xdc ./Drivers/STM32U0xx_HAL_Driver/Src/stm32u0xx_hal_cortex.o
 .text.SysTick_Config
                0x08000968       0x48 ./Drivers/STM32U0xx_HAL_Driver/Src/stm32u0xx_hal_cortex.o
 .text.HAL_NVIC_SetPriority
                0x080009b0       0x2a ./Drivers/STM32U0xx_HAL_Driver/Src/stm32u0xx_hal_cortex.o
                0x080009b0                HAL_NVIC_SetPriority
 .text.HAL_SYSTICK_Config
                0x080009da       0x1a ./Drivers/STM32U0xx_HAL_Driver/Src/stm32u0xx_hal_cortex.o
                0x080009da                HAL_SYSTICK_Config
 .text.HAL_DMA_Init
                0x080009f4      0x158 ./Drivers/STM32U0xx_HAL_Driver/Src/stm32u0xx_hal_dma.o
                0x080009f4                HAL_DMA_Init
 .text.HAL_DMA_Start
                0x08000b4c       0x98 ./Drivers/STM32U0xx_HAL_Driver/Src/stm32u0xx_hal_dma.o
                0x08000b4c                HAL_DMA_Start
 .text.DMA_SetConfig
                0x08000be4       0x78 ./Drivers/STM32U0xx_HAL_Driver/Src/stm32u0xx_hal_dma.o
 .text.DMA_CalcDMAMUXChannelBaseAndMask
                0x08000c5c       0x94 ./Drivers/STM32U0xx_HAL_Driver/Src/stm32u0xx_hal_dma.o
 .text.DMA_CalcDMAMUXRequestGenBaseAndMask
                0x08000cf0       0x48 ./Drivers/STM32U0xx_HAL_Driver/Src/stm32u0xx_hal_dma.o
 .text.HAL_DMAEx_ConfigMuxRequestGenerator
                0x08000d38       0xa0 ./Drivers/STM32U0xx_HAL_Driver/Src/stm32u0xx_hal_dma_ex.o
                0x08000d38                HAL_DMAEx_ConfigMuxRequestGenerator
 .text.HAL_DMAEx_EnableMuxRequestGenerator
                0x08000dd8       0x3c ./Drivers/STM32U0xx_HAL_Driver/Src/stm32u0xx_hal_dma_ex.o
                0x08000dd8                HAL_DMAEx_EnableMuxRequestGenerator
 .text.HAL_GPIO_Init
                0x08000e14      0x2e8 ./Drivers/STM32U0xx_HAL_Driver/Src/stm32u0xx_hal_gpio.o
                0x08000e14                HAL_GPIO_Init
 .text.HAL_PWR_EnterSLEEPMode
                0x080010fc       0x74 ./Drivers/STM32U0xx_HAL_Driver/Src/stm32u0xx_hal_pwr.o
                0x080010fc                HAL_PWR_EnterSLEEPMode
 .text.HAL_PWREx_ControlVoltageScaling
                0x08001170       0xc0 ./Drivers/STM32U0xx_HAL_Driver/Src/stm32u0xx_hal_pwr_ex.o
                0x08001170                HAL_PWREx_ControlVoltageScaling
 .text.HAL_PWREx_GetVoltageRange
                0x08001230       0x18 ./Drivers/STM32U0xx_HAL_Driver/Src/stm32u0xx_hal_pwr_ex.o
                0x08001230                HAL_PWREx_GetVoltageRange
 .text.HAL_PWREx_EnableLowPowerRunMode
                0x08001248       0x1c ./Drivers/STM32U0xx_HAL_Driver/Src/stm32u0xx_hal_pwr_ex.o
                0x08001248                HAL_PWREx_EnableLowPowerRunMode
 .text.HAL_PWREx_DisableLowPowerRunMode
                0x08001264       0x78 ./Drivers/STM32U0xx_HAL_Driver/Src/stm32u0xx_hal_pwr_ex.o
                0x08001264                HAL_PWREx_DisableLowPowerRunMode
 .text.HAL_PWREx_EnableFlashPowerDown
                0x080012dc       0x20 ./Drivers/STM32U0xx_HAL_Driver/Src/stm32u0xx_hal_pwr_ex.o
                0x080012dc                HAL_PWREx_EnableFlashPowerDown
 .text.HAL_RCC_OscConfig
                0x080012fc      0x854 ./Drivers/STM32U0xx_HAL_Driver/Src/stm32u0xx_hal_rcc.o
                0x080012fc                HAL_RCC_OscConfig
 .text.HAL_RCC_ClockConfig
                0x08001b50      0x1d8 ./Drivers/STM32U0xx_HAL_Driver/Src/stm32u0xx_hal_rcc.o
                0x08001b50                HAL_RCC_ClockConfig
 .text.HAL_RCC_GetSysClockFreq
                0x08001d28      0x138 ./Drivers/STM32U0xx_HAL_Driver/Src/stm32u0xx_hal_rcc.o
                0x08001d28                HAL_RCC_GetSysClockFreq
 .text.RCC_SetFlashLatencyFromMSIRange
                0x08001e60       0xd8 ./Drivers/STM32U0xx_HAL_Driver/Src/stm32u0xx_hal_rcc.o
 .text.HAL_TIM_Base_Init
                0x08001f38       0xb0 ./Drivers/STM32U0xx_HAL_Driver/Src/stm32u0xx_hal_tim.o
                0x08001f38                HAL_TIM_Base_Init
 .text.HAL_TIM_PWM_Init
                0x08001fe8       0xb0 ./Drivers/STM32U0xx_HAL_Driver/Src/stm32u0xx_hal_tim.o
                0x08001fe8                HAL_TIM_PWM_Init
 .text.HAL_TIM_PWM_MspInit
                0x08002098       0x10 ./Drivers/STM32U0xx_HAL_Driver/Src/stm32u0xx_hal_tim.o
                0x08002098                HAL_TIM_PWM_MspInit
 .text.HAL_TIM_PWM_Start
                0x080020a8      0x1c4 ./Drivers/STM32U0xx_HAL_Driver/Src/stm32u0xx_hal_tim.o
                0x080020a8                HAL_TIM_PWM_Start
 .text.HAL_TIM_PWM_ConfigChannel
                0x0800226c      0x200 ./Drivers/STM32U0xx_HAL_Driver/Src/stm32u0xx_hal_tim.o
                0x0800226c                HAL_TIM_PWM_ConfigChannel
 .text.HAL_TIM_ConfigClockSource
                0x0800246c      0x1b8 ./Drivers/STM32U0xx_HAL_Driver/Src/stm32u0xx_hal_tim.o
                0x0800246c                HAL_TIM_ConfigClockSource
 .text.TIM_Base_SetConfig
                0x08002624       0xfc ./Drivers/STM32U0xx_HAL_Driver/Src/stm32u0xx_hal_tim.o
                0x08002624                TIM_Base_SetConfig
 .text.TIM_OC1_SetConfig
                0x08002720      0x100 ./Drivers/STM32U0xx_HAL_Driver/Src/stm32u0xx_hal_tim.o
 .text.TIM_OC2_SetConfig
                0x08002820       0xfc ./Drivers/STM32U0xx_HAL_Driver/Src/stm32u0xx_hal_tim.o
                0x08002820                TIM_OC2_SetConfig
 .text.TIM_OC3_SetConfig
                0x0800291c      0x104 ./Drivers/STM32U0xx_HAL_Driver/Src/stm32u0xx_hal_tim.o
 .text.TIM_OC4_SetConfig
                0x08002a20       0xc8 ./Drivers/STM32U0xx_HAL_Driver/Src/stm32u0xx_hal_tim.o
 .text.TIM_OC5_SetConfig
                0x08002ae8       0xb4 ./Drivers/STM32U0xx_HAL_Driver/Src/stm32u0xx_hal_tim.o
 .text.TIM_OC6_SetConfig
                0x08002b9c       0xbc ./Drivers/STM32U0xx_HAL_Driver/Src/stm32u0xx_hal_tim.o
 .text.TIM_TI1_ConfigInputStage
                0x08002c58       0x5c ./Drivers/STM32U0xx_HAL_Driver/Src/stm32u0xx_hal_tim.o
 .text.TIM_TI2_ConfigInputStage
                0x08002cb4       0x64 ./Drivers/STM32U0xx_HAL_Driver/Src/stm32u0xx_hal_tim.o
 .text.TIM_ITRx_SetConfig
                0x08002d18       0x38 ./Drivers/STM32U0xx_HAL_Driver/Src/stm32u0xx_hal_tim.o
 .text.TIM_ETR_SetConfig
                0x08002d50       0x40 ./Drivers/STM32U0xx_HAL_Driver/Src/stm32u0xx_hal_tim.o
                0x08002d50                TIM_ETR_SetConfig
 .text.TIM_CCxChannelCmd
                0x08002d90       0x46 ./Drivers/STM32U0xx_HAL_Driver/Src/stm32u0xx_hal_tim.o
                0x08002d90                TIM_CCxChannelCmd
 *fill*         0x08002dd6        0x2 
 .text.HAL_TIMEx_MasterConfigSynchronization
                0x08002dd8       0xdc ./Drivers/STM32U0xx_HAL_Driver/Src/stm32u0xx_hal_tim_ex.o
                0x08002dd8                HAL_TIMEx_MasterConfigSynchronization
 .text.memset   0x08002eb4       0x10 C:/ST/STM32CubeIDE_1.15.0/STM32CubeIDE/plugins/com.st.stm32cube.ide.mcu.externaltools.gnu-tools-for-stm32.12.3.rel1.win32_1.0.100.202403111256/tools/bin/../lib/gcc/arm-none-eabi/12.3.1/../../../../arm-none-eabi/lib/thumb/v6-m/nofp\libc_nano.a(libc_a-memset.o)
                0x08002eb4                memset
 .text.__libc_init_array
                0x08002ec4       0x48 C:/ST/STM32CubeIDE_1.15.0/STM32CubeIDE/plugins/com.st.stm32cube.ide.mcu.externaltools.gnu-tools-for-stm32.12.3.rel1.win32_1.0.100.202403111256/tools/bin/../lib/gcc/arm-none-eabi/12.3.1/../../../../arm-none-eabi/lib/thumb/v6-m/nofp\libc_nano.a(libc_a-init.o)
                0x08002ec4                __libc_init_array
 *(.glue_7)
 .glue_7        0x08002f0c        0x0 linker stubs
 *(.glue_7t)
 .glue_7t       0x08002f0c        0x0 linker stubs
 *(.eh_frame)
 .eh_frame      0x08002f0c        0x0 C:/ST/STM32CubeIDE_1.15.0/STM32CubeIDE/plugins/com.st.stm32cube.ide.mcu.externaltools.gnu-tools-for-stm32.12.3.rel1.win32_1.0.100.202403111256/tools/bin/../lib/gcc/arm-none-eabi/12.3.1/thumb/v6-m/nofp/crtbegin.o
 *(.init)
 .init          0x08002f0c        0x4 C:/ST/STM32CubeIDE_1.15.0/STM32CubeIDE/plugins/com.st.stm32cube.ide.mcu.externaltools.gnu-tools-for-stm32.12.3.rel1.win32_1.0.100.202403111256/tools/bin/../lib/gcc/arm-none-eabi/12.3.1/thumb/v6-m/nofp/crti.o
                0x08002f0c                _init
 .init          0x08002f10        0x8 C:/ST/STM32CubeIDE_1.15.0/STM32CubeIDE/plugins/com.st.stm32cube.ide.mcu.externaltools.gnu-tools-for-stm32.12.3.rel1.win32_1.0.100.202403111256/tools/bin/../lib/gcc/arm-none-eabi/12.3.1/thumb/v6-m/nofp/crtn.o
 *(.fini)
 .fini          0x08002f18        0x4 C:/ST/STM32CubeIDE_1.15.0/STM32CubeIDE/plugins/com.st.stm32cube.ide.mcu.externaltools.gnu-tools-for-stm32.12.3.rel1.win32_1.0.100.202403111256/tools/bin/../lib/gcc/arm-none-eabi/12.3.1/thumb/v6-m/nofp/crti.o
                0x08002f18                _fini
 .fini          0x08002f1c        0x8 C:/ST/STM32CubeIDE_1.15.0/STM32CubeIDE/plugins/com.st.stm32cube.ide.mcu.externaltools.gnu-tools-for-stm32.12.3.rel1.win32_1.0.100.202403111256/tools/bin/../lib/gcc/arm-none-eabi/12.3.1/thumb/v6-m/nofp/crtn.o
                0x08002f24                        . = ALIGN (0x4)
                0x08002f24                        _etext = .

.vfp11_veneer   0x08002f24        0x0
 .vfp11_veneer  0x08002f24        0x0 linker stubs

.v4_bx          0x08002f24        0x0
 .v4_bx         0x08002f24        0x0 linker stubs

.iplt           0x08002f24        0x0
 .iplt          0x08002f24        0x0 C:/ST/STM32CubeIDE_1.15.0/STM32CubeIDE/plugins/com.st.stm32cube.ide.mcu.externaltools.gnu-tools-for-stm32.12.3.rel1.win32_1.0.100.202403111256/tools/bin/../lib/gcc/arm-none-eabi/12.3.1/thumb/v6-m/nofp/crtbegin.o

.rodata         0x08002f24       0x94
                0x08002f24                        . = ALIGN (0x4)
 *(.rodata)
 *(.rodata*)
 .rodata.AHBPrescTable
                0x08002f24       0x10 ./Core/Src/system_stm32u0xx.o
                0x08002f24                AHBPrescTable
 .rodata.MSIRangeTable
                0x08002f34       0x30 ./Core/Src/system_stm32u0xx.o
                0x08002f34                MSIRangeTable
 .rodata.HAL_TIM_PWM_ConfigChannel
                0x08002f64       0x54 ./Drivers/STM32U0xx_HAL_Driver/Src/stm32u0xx_hal_tim.o
                0x08002fb8                        . = ALIGN (0x4)

.ARM.extab      0x08002fb8        0x0
                0x08002fb8                        . = ALIGN (0x4)
 *(.ARM.extab* .gnu.linkonce.armextab.*)
                0x08002fb8                        . = ALIGN (0x4)

.ARM            0x08002fb8        0x0
                0x08002fb8                        . = ALIGN (0x4)
                0x08002fb8                        __exidx_start = .
 *(.ARM.exidx*)
                0x08002fb8                        __exidx_end = .
                0x08002fb8                        . = ALIGN (0x4)

.preinit_array  0x08002fb8        0x0
                0x08002fb8                        . = ALIGN (0x4)
                0x08002fb8                        PROVIDE (__preinit_array_start = .)
 *(.preinit_array*)
                0x08002fb8                        PROVIDE (__preinit_array_end = .)
                0x08002fb8                        . = ALIGN (0x4)

.init_array     0x08002fb8        0x4
                0x08002fb8                        . = ALIGN (0x4)
                0x08002fb8                        PROVIDE (__init_array_start = .)
 *(SORT_BY_NAME(.init_array.*))
 *(.init_array*)
 .init_array    0x08002fb8        0x4 C:/ST/STM32CubeIDE_1.15.0/STM32CubeIDE/plugins/com.st.stm32cube.ide.mcu.externaltools.gnu-tools-for-stm32.12.3.rel1.win32_1.0.100.202403111256/tools/bin/../lib/gcc/arm-none-eabi/12.3.1/thumb/v6-m/nofp/crtbegin.o
                0x08002fbc                        PROVIDE (__init_array_end = .)
                0x08002fbc                        . = ALIGN (0x4)

.fini_array     0x08002fbc        0x4
                0x08002fbc                        . = ALIGN (0x4)
                [!provide]                        PROVIDE (__fini_array_start = .)
 *(SORT_BY_NAME(.fini_array.*))
 *(.fini_array*)
 .fini_array    0x08002fbc        0x4 C:/ST/STM32CubeIDE_1.15.0/STM32CubeIDE/plugins/com.st.stm32cube.ide.mcu.externaltools.gnu-tools-for-stm32.12.3.rel1.win32_1.0.100.202403111256/tools/bin/../lib/gcc/arm-none-eabi/12.3.1/thumb/v6-m/nofp/crtbegin.o
                [!provide]                        PROVIDE (__fini_array_end = .)
                0x08002fc0                        . = ALIGN (0x4)
                0x08002fc0                        _sidata = LOADADDR (.data)

.rel.dyn        0x08002fc0        0x0
 .rel.iplt      0x08002fc0        0x0 C:/ST/STM32CubeIDE_1.15.0/STM32CubeIDE/plugins/com.st.stm32cube.ide.mcu.externaltools.gnu-tools-for-stm32.12.3.rel1.win32_1.0.100.202403111256/tools/bin/../lib/gcc/arm-none-eabi/12.3.1/thumb/v6-m/nofp/crtbegin.o

.data           0x20000000       0x1c load address 0x08002fc0
                0x20000000                        . = ALIGN (0x4)
                0x20000000                        _sdata = .
 *(.data)
 *(.data*)
 .data.SRC_Buffer_LED_PWM
                0x20000000       0x10 ./Core/Src/main.o
                0x20000000                SRC_Buffer_LED_PWM
 .data.SystemCoreClock
                0x20000010        0x4 ./Core/Src/system_stm32u0xx.o
                0x20000010                SystemCoreClock
 .data.uwTickPrio
                0x20000014        0x4 ./Drivers/STM32U0xx_HAL_Driver/Src/stm32u0xx_hal.o
                0x20000014                uwTickPrio
 .data.uwTickFreq
                0x20000018        0x4 ./Drivers/STM32U0xx_HAL_Driver/Src/stm32u0xx_hal.o
                0x20000018                uwTickFreq
 *(.RamFunc)
 *(.RamFunc*)
                0x2000001c                        . = ALIGN (0x4)
                0x2000001c                        _edata = .

.igot.plt       0x2000001c        0x0 load address 0x08002fdc
 .igot.plt      0x2000001c        0x0 C:/ST/STM32CubeIDE_1.15.0/STM32CubeIDE/plugins/com.st.stm32cube.ide.mcu.externaltools.gnu-tools-for-stm32.12.3.rel1.win32_1.0.100.202403111256/tools/bin/../lib/gcc/arm-none-eabi/12.3.1/thumb/v6-m/nofp/crtbegin.o
                0x2000001c                        . = ALIGN (0x4)

.bss            0x2000001c       0xcc load address 0x08002fdc
                0x2000001c                        _sbss = .
                0x2000001c                        __bss_start__ = _sbss
 *(.bss)
 .bss           0x2000001c       0x1c C:/ST/STM32CubeIDE_1.15.0/STM32CubeIDE/plugins/com.st.stm32cube.ide.mcu.externaltools.gnu-tools-for-stm32.12.3.rel1.win32_1.0.100.202403111256/tools/bin/../lib/gcc/arm-none-eabi/12.3.1/thumb/v6-m/nofp/crtbegin.o
 *(.bss*)
 .bss.htim2     0x20000038       0x4c ./Core/Src/main.o
                0x20000038                htim2
 .bss.hdma_dma_generator0
                0x20000084       0x60 ./Core/Src/main.o
                0x20000084                hdma_dma_generator0
 .bss.uwTick    0x200000e4        0x4 ./Drivers/STM32U0xx_HAL_Driver/Src/stm32u0xx_hal.o
                0x200000e4                uwTick
 *(COMMON)
                0x200000e8                        . = ALIGN (0x4)
                0x200000e8                        _ebss = .
                0x200000e8                        __bss_end__ = _ebss

._user_heap_stack
                0x200000e8      0x600 load address 0x08002fdc
                0x200000e8                        . = ALIGN (0x8)
                [!provide]                        PROVIDE (end = .)
                0x200000e8                        PROVIDE (_end = .)
                0x200002e8                        . = (. + _Min_Heap_Size)
 *fill*         0x200000e8      0x200 
                0x200006e8                        . = (. + _Min_Stack_Size)
 *fill*         0x200002e8      0x400 
                0x200006e8                        . = ALIGN (0x8)

/DISCARD/
 libc.a(*)
 libm.a(*)
 libgcc.a(*)

.ARM.attributes
                0x00000000       0x28
 *(.ARM.attributes)
 .ARM.attributes
                0x00000000       0x1e C:/ST/STM32CubeIDE_1.15.0/STM32CubeIDE/plugins/com.st.stm32cube.ide.mcu.externaltools.gnu-tools-for-stm32.12.3.rel1.win32_1.0.100.202403111256/tools/bin/../lib/gcc/arm-none-eabi/12.3.1/thumb/v6-m/nofp/crti.o
 .ARM.attributes
                0x0000001e       0x2c C:/ST/STM32CubeIDE_1.15.0/STM32CubeIDE/plugins/com.st.stm32cube.ide.mcu.externaltools.gnu-tools-for-stm32.12.3.rel1.win32_1.0.100.202403111256/tools/bin/../lib/gcc/arm-none-eabi/12.3.1/thumb/v6-m/nofp/crtbegin.o
 .ARM.attributes
                0x0000004a       0x2c ./Core/Src/main.o
 .ARM.attributes
                0x00000076       0x2c ./Core/Src/stm32u0xx_hal_msp.o
 .ARM.attributes
                0x000000a2       0x2c ./Core/Src/stm32u0xx_it.o
 .ARM.attributes
                0x000000ce       0x2c ./Core/Src/system_stm32u0xx.o
 .ARM.attributes
                0x000000fa       0x22 ./Core/Startup/startup_stm32u083rctx.o
 .ARM.attributes
                0x0000011c       0x2c ./Drivers/STM32U0xx_HAL_Driver/Src/stm32u0xx_hal.o
 .ARM.attributes
                0x00000148       0x2c ./Drivers/STM32U0xx_HAL_Driver/Src/stm32u0xx_hal_cortex.o
 .ARM.attributes
                0x00000174       0x2c ./Drivers/STM32U0xx_HAL_Driver/Src/stm32u0xx_hal_dma.o
 .ARM.attributes
                0x000001a0       0x2c ./Drivers/STM32U0xx_HAL_Driver/Src/stm32u0xx_hal_dma_ex.o
 .ARM.attributes
                0x000001cc       0x2c ./Drivers/STM32U0xx_HAL_Driver/Src/stm32u0xx_hal_gpio.o
 .ARM.attributes
                0x000001f8       0x2c ./Drivers/STM32U0xx_HAL_Driver/Src/stm32u0xx_hal_pwr.o
 .ARM.attributes
                0x00000224       0x2c ./Drivers/STM32U0xx_HAL_Driver/Src/stm32u0xx_hal_pwr_ex.o
 .ARM.attributes
                0x00000250       0x2c ./Drivers/STM32U0xx_HAL_Driver/Src/stm32u0xx_hal_rcc.o
 .ARM.attributes
                0x0000027c       0x2c ./Drivers/STM32U0xx_HAL_Driver/Src/stm32u0xx_hal_tim.o
 .ARM.attributes
                0x000002a8       0x2c ./Drivers/STM32U0xx_HAL_Driver/Src/stm32u0xx_hal_tim_ex.o
 .ARM.attributes
                0x000002d4       0x2c C:/ST/STM32CubeIDE_1.15.0/STM32CubeIDE/plugins/com.st.stm32cube.ide.mcu.externaltools.gnu-tools-for-stm32.12.3.rel1.win32_1.0.100.202403111256/tools/bin/../lib/gcc/arm-none-eabi/12.3.1/../../../../arm-none-eabi/lib/thumb/v6-m/nofp\libc_nano.a(libc_a-memset.o)
 .ARM.attributes
                0x00000300       0x2c C:/ST/STM32CubeIDE_1.15.0/STM32CubeIDE/plugins/com.st.stm32cube.ide.mcu.externaltools.gnu-tools-for-stm32.12.3.rel1.win32_1.0.100.202403111256/tools/bin/../lib/gcc/arm-none-eabi/12.3.1/../../../../arm-none-eabi/lib/thumb/v6-m/nofp\libc_nano.a(libc_a-init.o)
 .ARM.attributes
                0x0000032c       0x1e C:/ST/STM32CubeIDE_1.15.0/STM32CubeIDE/plugins/com.st.stm32cube.ide.mcu.externaltools.gnu-tools-for-stm32.12.3.rel1.win32_1.0.100.202403111256/tools/bin/../lib/gcc/arm-none-eabi/12.3.1/thumb/v6-m/nofp\libgcc.a(_udivsi3.o)
 .ARM.attributes
                0x0000034a       0x1e C:/ST/STM32CubeIDE_1.15.0/STM32CubeIDE/plugins/com.st.stm32cube.ide.mcu.externaltools.gnu-tools-for-stm32.12.3.rel1.win32_1.0.100.202403111256/tools/bin/../lib/gcc/arm-none-eabi/12.3.1/thumb/v6-m/nofp\libgcc.a(_dvmd_tls.o)
 .ARM.attributes
                0x00000368       0x1e C:/ST/STM32CubeIDE_1.15.0/STM32CubeIDE/plugins/com.st.stm32cube.ide.mcu.externaltools.gnu-tools-for-stm32.12.3.rel1.win32_1.0.100.202403111256/tools/bin/../lib/gcc/arm-none-eabi/12.3.1/thumb/v6-m/nofp/crtn.o
OUTPUT(MasterPanel.elf elf32-littlearm)
LOAD linker stubs
LOAD C:/ST/STM32CubeIDE_1.15.0/STM32CubeIDE/plugins/com.st.stm32cube.ide.mcu.externaltools.gnu-tools-for-stm32.12.3.rel1.win32_1.0.100.202403111256/tools/bin/../lib/gcc/arm-none-eabi/12.3.1/../../../../arm-none-eabi/lib/thumb/v6-m/nofp\libc.a
LOAD C:/ST/STM32CubeIDE_1.15.0/STM32CubeIDE/plugins/com.st.stm32cube.ide.mcu.externaltools.gnu-tools-for-stm32.12.3.rel1.win32_1.0.100.202403111256/tools/bin/../lib/gcc/arm-none-eabi/12.3.1/../../../../arm-none-eabi/lib/thumb/v6-m/nofp\libm.a
LOAD C:/ST/STM32CubeIDE_1.15.0/STM32CubeIDE/plugins/com.st.stm32cube.ide.mcu.externaltools.gnu-tools-for-stm32.12.3.rel1.win32_1.0.100.202403111256/tools/bin/../lib/gcc/arm-none-eabi/12.3.1/thumb/v6-m/nofp\libgcc.a

.debug_info     0x00000000     0xae87
 .debug_info    0x00000000     0x119b ./Core/Src/main.o
 .debug_info    0x0000119b      0xc13 ./Core/Src/stm32u0xx_hal_msp.o
 .debug_info    0x00001dae      0x117 ./Core/Src/stm32u0xx_it.o
 .debug_info    0x00001ec5      0x65b ./Core/Src/system_stm32u0xx.o
 .debug_info    0x00002520       0x30 ./Core/Startup/startup_stm32u083rctx.o
 .debug_info    0x00002550      0xa76 ./Drivers/STM32U0xx_HAL_Driver/Src/stm32u0xx_hal.o
 .debug_info    0x00002fc6      0x8ef ./Drivers/STM32U0xx_HAL_Driver/Src/stm32u0xx_hal_cortex.o
 .debug_info    0x000038b5      0x873 ./Drivers/STM32U0xx_HAL_Driver/Src/stm32u0xx_hal_dma.o
 .debug_info    0x00004128      0x5f5 ./Drivers/STM32U0xx_HAL_Driver/Src/stm32u0xx_hal_dma_ex.o
 .debug_info    0x0000471d      0x590 ./Drivers/STM32U0xx_HAL_Driver/Src/stm32u0xx_hal_gpio.o
 .debug_info    0x00004cad      0x819 ./Drivers/STM32U0xx_HAL_Driver/Src/stm32u0xx_hal_pwr.o
 .debug_info    0x000054c6      0x855 ./Drivers/STM32U0xx_HAL_Driver/Src/stm32u0xx_hal_pwr_ex.o
 .debug_info    0x00005d1b      0xc37 ./Drivers/STM32U0xx_HAL_Driver/Src/stm32u0xx_hal_rcc.o
 .debug_info    0x00006952     0x2c12 ./Drivers/STM32U0xx_HAL_Driver/Src/stm32u0xx_hal_tim.o
 .debug_info    0x00009564     0x1923 ./Drivers/STM32U0xx_HAL_Driver/Src/stm32u0xx_hal_tim_ex.o

.debug_abbrev   0x00000000     0x1cd9
 .debug_abbrev  0x00000000      0x2ae ./Core/Src/main.o
 .debug_abbrev  0x000002ae      0x1d4 ./Core/Src/stm32u0xx_hal_msp.o
 .debug_abbrev  0x00000482       0xac ./Core/Src/stm32u0xx_it.o
 .debug_abbrev  0x0000052e      0x117 ./Core/Src/system_stm32u0xx.o
 .debug_abbrev  0x00000645       0x24 ./Core/Startup/startup_stm32u083rctx.o
 .debug_abbrev  0x00000669      0x29c ./Drivers/STM32U0xx_HAL_Driver/Src/stm32u0xx_hal.o
 .debug_abbrev  0x00000905      0x2ab ./Drivers/STM32U0xx_HAL_Driver/Src/stm32u0xx_hal_cortex.o
 .debug_abbrev  0x00000bb0      0x214 ./Drivers/STM32U0xx_HAL_Driver/Src/stm32u0xx_hal_dma.o
 .debug_abbrev  0x00000dc4      0x180 ./Drivers/STM32U0xx_HAL_Driver/Src/stm32u0xx_hal_dma_ex.o
 .debug_abbrev  0x00000f44      0x1c8 ./Drivers/STM32U0xx_HAL_Driver/Src/stm32u0xx_hal_gpio.o
 .debug_abbrev  0x0000110c      0x1c5 ./Drivers/STM32U0xx_HAL_Driver/Src/stm32u0xx_hal_pwr.o
 .debug_abbrev  0x000012d1      0x212 ./Drivers/STM32U0xx_HAL_Driver/Src/stm32u0xx_hal_pwr_ex.o
 .debug_abbrev  0x000014e3      0x2d8 ./Drivers/STM32U0xx_HAL_Driver/Src/stm32u0xx_hal_rcc.o
 .debug_abbrev  0x000017bb      0x287 ./Drivers/STM32U0xx_HAL_Driver/Src/stm32u0xx_hal_tim.o
 .debug_abbrev  0x00001a42      0x297 ./Drivers/STM32U0xx_HAL_Driver/Src/stm32u0xx_hal_tim_ex.o

.debug_aranges  0x00000000      0xc50
 .debug_aranges
                0x00000000       0x48 ./Core/Src/main.o
 .debug_aranges
                0x00000048       0x38 ./Core/Src/stm32u0xx_hal_msp.o
 .debug_aranges
                0x00000080       0x40 ./Core/Src/stm32u0xx_it.o
 .debug_aranges
                0x000000c0       0x28 ./Core/Src/system_stm32u0xx.o
 .debug_aranges
                0x000000e8       0x28 ./Core/Startup/startup_stm32u083rctx.o
 .debug_aranges
                0x00000110      0x158 ./Drivers/STM32U0xx_HAL_Driver/Src/stm32u0xx_hal.o
 .debug_aranges
                0x00000268       0xe8 ./Drivers/STM32U0xx_HAL_Driver/Src/stm32u0xx_hal_cortex.o
 .debug_aranges
                0x00000350       0x90 ./Drivers/STM32U0xx_HAL_Driver/Src/stm32u0xx_hal_dma.o
 .debug_aranges
                0x000003e0       0x40 ./Drivers/STM32U0xx_HAL_Driver/Src/stm32u0xx_hal_dma_ex.o
 .debug_aranges
                0x00000420       0x60 ./Drivers/STM32U0xx_HAL_Driver/Src/stm32u0xx_hal_gpio.o
 .debug_aranges
                0x00000480       0xa0 ./Drivers/STM32U0xx_HAL_Driver/Src/stm32u0xx_hal_pwr.o
 .debug_aranges
                0x00000520      0x130 ./Drivers/STM32U0xx_HAL_Driver/Src/stm32u0xx_hal_pwr_ex.o
 .debug_aranges
                0x00000650       0x88 ./Drivers/STM32U0xx_HAL_Driver/Src/stm32u0xx_hal_rcc.o
 .debug_aranges
                0x000006d8      0x3e0 ./Drivers/STM32U0xx_HAL_Driver/Src/stm32u0xx_hal_tim.o
 .debug_aranges
                0x00000ab8      0x198 ./Drivers/STM32U0xx_HAL_Driver/Src/stm32u0xx_hal_tim_ex.o

.debug_rnglists
                0x00000000      0x97f
 .debug_rnglists
                0x00000000       0x35 ./Core/Src/main.o
 .debug_rnglists
                0x00000035       0x25 ./Core/Src/stm32u0xx_hal_msp.o
 .debug_rnglists
                0x0000005a       0x2b ./Core/Src/stm32u0xx_it.o
 .debug_rnglists
                0x00000085       0x1a ./Core/Src/system_stm32u0xx.o
 .debug_rnglists
                0x0000009f       0x19 ./Core/Startup/startup_stm32u083rctx.o
 .debug_rnglists
                0x000000b8       0xfe ./Drivers/STM32U0xx_HAL_Driver/Src/stm32u0xx_hal.o
 .debug_rnglists
                0x000001b6       0xaa ./Drivers/STM32U0xx_HAL_Driver/Src/stm32u0xx_hal_cortex.o
 .debug_rnglists
                0x00000260       0x72 ./Drivers/STM32U0xx_HAL_Driver/Src/stm32u0xx_hal_dma.o
 .debug_rnglists
                0x000002d2       0x2e ./Drivers/STM32U0xx_HAL_Driver/Src/stm32u0xx_hal_dma_ex.o
 .debug_rnglists
                0x00000300       0x45 ./Drivers/STM32U0xx_HAL_Driver/Src/stm32u0xx_hal_gpio.o
 .debug_rnglists
                0x00000345       0x74 ./Drivers/STM32U0xx_HAL_Driver/Src/stm32u0xx_hal_pwr.o
 .debug_rnglists
                0x000003b9       0xe6 ./Drivers/STM32U0xx_HAL_Driver/Src/stm32u0xx_hal_pwr_ex.o
 .debug_rnglists
                0x0000049f       0x68 ./Drivers/STM32U0xx_HAL_Driver/Src/stm32u0xx_hal_rcc.o
 .debug_rnglists
                0x00000507      0x32a ./Drivers/STM32U0xx_HAL_Driver/Src/stm32u0xx_hal_tim.o
 .debug_rnglists
                0x00000831      0x14e ./Drivers/STM32U0xx_HAL_Driver/Src/stm32u0xx_hal_tim_ex.o

.debug_macro    0x00000000    0x1a951
 .debug_macro   0x00000000      0x1cc ./Core/Src/main.o
 .debug_macro   0x000001cc      0xa8a ./Core/Src/main.o
 .debug_macro   0x00000c56      0x112 ./Core/Src/main.o
 .debug_macro   0x00000d68       0x2e ./Core/Src/main.o
 .debug_macro   0x00000d96       0x28 ./Core/Src/main.o
 .debug_macro   0x00000dbe       0x22 ./Core/Src/main.o
 .debug_macro   0x00000de0       0x8e ./Core/Src/main.o
 .debug_macro   0x00000e6e       0x51 ./Core/Src/main.o
 .debug_macro   0x00000ebf      0x103 ./Core/Src/main.o
 .debug_macro   0x00000fc2       0x6a ./Core/Src/main.o
 .debug_macro   0x0000102c      0x1df ./Core/Src/main.o
 .debug_macro   0x0000120b       0x1c ./Core/Src/main.o
 .debug_macro   0x00001227       0x22 ./Core/Src/main.o
 .debug_macro   0x00001249       0xd1 ./Core/Src/main.o
 .debug_macro   0x0000131a      0x4da ./Core/Src/main.o
 .debug_macro   0x000017f4      0x11f ./Core/Src/main.o
 .debug_macro   0x00001913     0xf892 ./Core/Src/main.o
 .debug_macro   0x000111a5       0x6c ./Core/Src/main.o
 .debug_macro   0x00011211     0x3463 ./Core/Src/main.o
 .debug_macro   0x00014674      0x189 ./Core/Src/main.o
 .debug_macro   0x000147fd       0x5a ./Core/Src/main.o
 .debug_macro   0x00014857     0x13de ./Core/Src/main.o
 .debug_macro   0x00015c35      0x55f ./Core/Src/main.o
 .debug_macro   0x00016194      0x1cf ./Core/Src/main.o
 .debug_macro   0x00016363      0x175 ./Core/Src/main.o
 .debug_macro   0x000164d8      0x4fa ./Core/Src/main.o
 .debug_macro   0x000169d2      0x280 ./Core/Src/main.o
 .debug_macro   0x00016c52      0x41e ./Core/Src/main.o
 .debug_macro   0x00017070      0x1b2 ./Core/Src/main.o
 .debug_macro   0x00017222       0x43 ./Core/Src/main.o
 .debug_macro   0x00017265      0x1f1 ./Core/Src/main.o
 .debug_macro   0x00017456      0x1e3 ./Core/Src/main.o
 .debug_macro   0x00017639      0x375 ./Core/Src/main.o
 .debug_macro   0x000179ae       0x2e ./Core/Src/main.o
 .debug_macro   0x000179dc       0xe4 ./Core/Src/main.o
 .debug_macro   0x00017ac0      0x128 ./Core/Src/main.o
 .debug_macro   0x00017be8      0x3c8 ./Core/Src/main.o
 .debug_macro   0x00017fb0      0xad0 ./Core/Src/main.o
 .debug_macro   0x00018a80      0x16a ./Core/Src/main.o
 .debug_macro   0x00018bea      0x5a7 ./Core/Src/main.o
 .debug_macro   0x00019191      0x1cc ./Core/Src/stm32u0xx_hal_msp.o
 .debug_macro   0x0001935d      0x1d6 ./Core/Src/stm32u0xx_it.o
 .debug_macro   0x00019533      0x1ce ./Core/Src/system_stm32u0xx.o
 .debug_macro   0x00019701      0x1e6 ./Drivers/STM32U0xx_HAL_Driver/Src/stm32u0xx_hal.o
 .debug_macro   0x000198e7      0x1c2 ./Drivers/STM32U0xx_HAL_Driver/Src/stm32u0xx_hal_cortex.o
 .debug_macro   0x00019aa9      0x1c2 ./Drivers/STM32U0xx_HAL_Driver/Src/stm32u0xx_hal_dma.o
 .debug_macro   0x00019c6b      0x1c2 ./Drivers/STM32U0xx_HAL_Driver/Src/stm32u0xx_hal_dma_ex.o
 .debug_macro   0x00019e2d      0x1c8 ./Drivers/STM32U0xx_HAL_Driver/Src/stm32u0xx_hal_gpio.o
 .debug_macro   0x00019ff5      0x1e0 ./Drivers/STM32U0xx_HAL_Driver/Src/stm32u0xx_hal_pwr.o
 .debug_macro   0x0001a1d5      0x1f2 ./Drivers/STM32U0xx_HAL_Driver/Src/stm32u0xx_hal_pwr_ex.o
 .debug_macro   0x0001a3c7      0x1f8 ./Drivers/STM32U0xx_HAL_Driver/Src/stm32u0xx_hal_rcc.o
 .debug_macro   0x0001a5bf      0x1ca ./Drivers/STM32U0xx_HAL_Driver/Src/stm32u0xx_hal_tim.o
 .debug_macro   0x0001a789      0x1c8 ./Drivers/STM32U0xx_HAL_Driver/Src/stm32u0xx_hal_tim_ex.o

.debug_line     0x00000000     0xd98f
 .debug_line    0x00000000      0x8ac ./Core/Src/main.o
 .debug_line    0x000008ac      0x7b0 ./Core/Src/stm32u0xx_hal_msp.o
 .debug_line    0x0000105c      0x7ad ./Core/Src/stm32u0xx_it.o
 .debug_line    0x00001809      0x80e ./Core/Src/system_stm32u0xx.o
 .debug_line    0x00002017       0x7b ./Core/Startup/startup_stm32u083rctx.o
 .debug_line    0x00002092      0xb9b ./Drivers/STM32U0xx_HAL_Driver/Src/stm32u0xx_hal.o
 .debug_line    0x00002c2d      0xb9a ./Drivers/STM32U0xx_HAL_Driver/Src/stm32u0xx_hal_cortex.o
 .debug_line    0x000037c7      0xe82 ./Drivers/STM32U0xx_HAL_Driver/Src/stm32u0xx_hal_dma.o
 .debug_line    0x00004649      0x91c ./Drivers/STM32U0xx_HAL_Driver/Src/stm32u0xx_hal_dma_ex.o
 .debug_line    0x00004f65      0xba0 ./Drivers/STM32U0xx_HAL_Driver/Src/stm32u0xx_hal_gpio.o
 .debug_line    0x00005b05      0x940 ./Drivers/STM32U0xx_HAL_Driver/Src/stm32u0xx_hal_pwr.o
 .debug_line    0x00006445      0xc9a ./Drivers/STM32U0xx_HAL_Driver/Src/stm32u0xx_hal_pwr_ex.o
 .debug_line    0x000070df      0xfcb ./Drivers/STM32U0xx_HAL_Driver/Src/stm32u0xx_hal_rcc.o
 .debug_line    0x000080aa     0x3c69 ./Drivers/STM32U0xx_HAL_Driver/Src/stm32u0xx_hal_tim.o
 .debug_line    0x0000bd13     0x1c7c ./Drivers/STM32U0xx_HAL_Driver/Src/stm32u0xx_hal_tim_ex.o

.debug_str      0x00000000    0xad4bd
 .debug_str     0x00000000    0xaa302 ./Core/Src/main.o
                              0xaa709 (size before relaxing)
 .debug_str     0x000aa302       0x67 ./Core/Src/stm32u0xx_hal_msp.o
                              0xaa217 (size before relaxing)
 .debug_str     0x000aa369       0x82 ./Core/Src/stm32u0xx_it.o
                              0xa9a53 (size before relaxing)
 .debug_str     0x000aa3eb      0x18b ./Core/Src/system_stm32u0xx.o
                              0xa9c92 (size before relaxing)
 .debug_str     0x000aa576       0x44 ./Core/Startup/startup_stm32u083rctx.o
                                 0xa8 (size before relaxing)
 .debug_str     0x000aa5ba      0x79a ./Drivers/STM32U0xx_HAL_Driver/Src/stm32u0xx_hal.o
                              0xaa3df (size before relaxing)
 .debug_str     0x000aad54      0x292 ./Drivers/STM32U0xx_HAL_Driver/Src/stm32u0xx_hal_cortex.o
                              0xaa040 (size before relaxing)
 .debug_str     0x000aafe6      0x29b ./Drivers/STM32U0xx_HAL_Driver/Src/stm32u0xx_hal_dma.o
                              0xa9fcf (size before relaxing)
 .debug_str     0x000ab281      0x106 ./Drivers/STM32U0xx_HAL_Driver/Src/stm32u0xx_hal_dma_ex.o
                              0xa9eb7 (size before relaxing)
 .debug_str     0x000ab387      0x193 ./Drivers/STM32U0xx_HAL_Driver/Src/stm32u0xx_hal_gpio.o
                              0xa9c5b (size before relaxing)
 .debug_str     0x000ab51a      0x2ea ./Drivers/STM32U0xx_HAL_Driver/Src/stm32u0xx_hal_pwr.o
                              0xa9ee2 (size before relaxing)
 .debug_str     0x000ab804      0x3d9 ./Drivers/STM32U0xx_HAL_Driver/Src/stm32u0xx_hal_pwr_ex.o
                              0xaa0c0 (size before relaxing)
 .debug_str     0x000abbdd      0x47c ./Drivers/STM32U0xx_HAL_Driver/Src/stm32u0xx_hal_rcc.o
                              0xaa376 (size before relaxing)
 .debug_str     0x000ac059      0xe10 ./Drivers/STM32U0xx_HAL_Driver/Src/stm32u0xx_hal_tim.o
                              0xab088 (size before relaxing)
 .debug_str     0x000ace69      0x654 ./Drivers/STM32U0xx_HAL_Driver/Src/stm32u0xx_hal_tim_ex.o
                              0xaaa16 (size before relaxing)

.comment        0x00000000       0x43
 .comment       0x00000000       0x43 ./Core/Src/main.o
                                 0x44 (size before relaxing)
 .comment       0x00000043       0x44 ./Core/Src/stm32u0xx_hal_msp.o
 .comment       0x00000043       0x44 ./Core/Src/stm32u0xx_it.o
 .comment       0x00000043       0x44 ./Core/Src/system_stm32u0xx.o
 .comment       0x00000043       0x44 ./Drivers/STM32U0xx_HAL_Driver/Src/stm32u0xx_hal.o
 .comment       0x00000043       0x44 ./Drivers/STM32U0xx_HAL_Driver/Src/stm32u0xx_hal_cortex.o
 .comment       0x00000043       0x44 ./Drivers/STM32U0xx_HAL_Driver/Src/stm32u0xx_hal_dma.o
 .comment       0x00000043       0x44 ./Drivers/STM32U0xx_HAL_Driver/Src/stm32u0xx_hal_dma_ex.o
 .comment       0x00000043       0x44 ./Drivers/STM32U0xx_HAL_Driver/Src/stm32u0xx_hal_gpio.o
 .comment       0x00000043       0x44 ./Drivers/STM32U0xx_HAL_Driver/Src/stm32u0xx_hal_pwr.o
 .comment       0x00000043       0x44 ./Drivers/STM32U0xx_HAL_Driver/Src/stm32u0xx_hal_pwr_ex.o
 .comment       0x00000043       0x44 ./Drivers/STM32U0xx_HAL_Driver/Src/stm32u0xx_hal_rcc.o
 .comment       0x00000043       0x44 ./Drivers/STM32U0xx_HAL_Driver/Src/stm32u0xx_hal_tim.o
 .comment       0x00000043       0x44 ./Drivers/STM32U0xx_HAL_Driver/Src/stm32u0xx_hal_tim_ex.o

.debug_frame    0x00000000     0x2b98
 .debug_frame   0x00000000       0xcc ./Core/Src/main.o
 .debug_frame   0x000000cc       0x90 ./Core/Src/stm32u0xx_hal_msp.o
 .debug_frame   0x0000015c       0x9c ./Core/Src/stm32u0xx_it.o
 .debug_frame   0x000001f8       0x4c ./Core/Src/system_stm32u0xx.o
 .debug_frame   0x00000244      0x4a4 ./Drivers/STM32U0xx_HAL_Driver/Src/stm32u0xx_hal.o
 .debug_frame   0x000006e8      0x33c ./Drivers/STM32U0xx_HAL_Driver/Src/stm32u0xx_hal_cortex.o
 .debug_frame   0x00000a24      0x1f0 ./Drivers/STM32U0xx_HAL_Driver/Src/stm32u0xx_hal_dma.o
 .debug_frame   0x00000c14       0xb0 ./Drivers/STM32U0xx_HAL_Driver/Src/stm32u0xx_hal_dma_ex.o
 .debug_frame   0x00000cc4      0x130 ./Drivers/STM32U0xx_HAL_Driver/Src/stm32u0xx_hal_gpio.o
 .debug_frame   0x00000df4      0x200 ./Drivers/STM32U0xx_HAL_Driver/Src/stm32u0xx_hal_pwr.o
 .debug_frame   0x00000ff4      0x414 ./Drivers/STM32U0xx_HAL_Driver/Src/stm32u0xx_hal_pwr_ex.o
 .debug_frame   0x00001408      0x1c4 ./Drivers/STM32U0xx_HAL_Driver/Src/stm32u0xx_hal_rcc.o
 .debug_frame   0x000015cc      0xf40 ./Drivers/STM32U0xx_HAL_Driver/Src/stm32u0xx_hal_tim.o
 .debug_frame   0x0000250c      0x620 ./Drivers/STM32U0xx_HAL_Driver/Src/stm32u0xx_hal_tim_ex.o
 .debug_frame   0x00002b2c       0x20 C:/ST/STM32CubeIDE_1.15.0/STM32CubeIDE/plugins/com.st.stm32cube.ide.mcu.externaltools.gnu-tools-for-stm32.12.3.rel1.win32_1.0.100.202403111256/tools/bin/../lib/gcc/arm-none-eabi/12.3.1/../../../../arm-none-eabi/lib/thumb/v6-m/nofp\libc_nano.a(libc_a-memset.o)
 .debug_frame   0x00002b4c       0x2c C:/ST/STM32CubeIDE_1.15.0/STM32CubeIDE/plugins/com.st.stm32cube.ide.mcu.externaltools.gnu-tools-for-stm32.12.3.rel1.win32_1.0.100.202403111256/tools/bin/../lib/gcc/arm-none-eabi/12.3.1/../../../../arm-none-eabi/lib/thumb/v6-m/nofp\libc_nano.a(libc_a-init.o)
 .debug_frame   0x00002b78       0x20 C:/ST/STM32CubeIDE_1.15.0/STM32CubeIDE/plugins/com.st.stm32cube.ide.mcu.externaltools.gnu-tools-for-stm32.12.3.rel1.win32_1.0.100.202403111256/tools/bin/../lib/gcc/arm-none-eabi/12.3.1/thumb/v6-m/nofp\libgcc.a(_udivsi3.o)

.debug_line_str
                0x00000000       0x8c
 .debug_line_str
                0x00000000       0x8c ./Core/Startup/startup_stm32u083rctx.o
