../Drivers/STM32U0xx_HAL_Driver/Src/stm32u0xx_hal_rcc.c:219:19:HAL_RCC_DeInit	16	static
../Drivers/STM32U0xx_HAL_Driver/Src/stm32u0xx_hal_rcc.c:325:19:HAL_RCC_OscConfig	48	static
../Drivers/STM32U0xx_HAL_Driver/Src/stm32u0xx_hal_rcc.c:882:19:HAL_RCC_ClockConfig	32	static
../Drivers/STM32U0xx_HAL_Driver/Src/stm32u0xx_hal_rcc.c:1110:6:HAL_RCC_MCOConfig	56	static
../Drivers/STM32U0xx_HAL_Driver/Src/stm32u0xx_hal_rcc.c:1191:10:HAL_RCC_GetSysClockFreq	48	static
../Drivers/STM32U0xx_HAL_Driver/Src/stm32u0xx_hal_rcc.c:1301:10:HAL_RCC_GetHCLKFreq	8	static
../Drivers/STM32U0xx_HAL_Driver/Src/stm32u0xx_hal_rcc.c:1312:10:HAL_RCC_GetPCLK1Freq	8	static
../Drivers/STM32U0xx_HAL_Driver/Src/stm32u0xx_hal_rcc.c:1325:6:HAL_RCC_GetOscConfig	24	static
../Drivers/STM32U0xx_HAL_Driver/Src/stm32u0xx_hal_rcc.c:1464:6:HAL_RCC_GetClockConfig	16	static
../Drivers/STM32U0xx_HAL_Driver/Src/stm32u0xx_hal_rcc.c:1495:6:HAL_RCC_EnableCSS	8	static
../Drivers/STM32U0xx_HAL_Driver/Src/stm32u0xx_hal_rcc.c:1504:6:HAL_RCC_NMI_IRQHandler	8	static
../Drivers/STM32U0xx_HAL_Driver/Src/stm32u0xx_hal_rcc.c:1521:13:HAL_RCC_CSSCallback	8	static
../Drivers/STM32U0xx_HAL_Driver/Src/stm32u0xx_hal_rcc.c:1534:10:HAL_RCC_GetResetSource	16	static
../Drivers/STM32U0xx_HAL_Driver/Src/stm32u0xx_hal_rcc.c:1565:26:RCC_SetFlashLatencyFromMSIRange	32	static
