Archive member included to satisfy reference by file (symbol)

C:/ST/STM32CubeIDE_1.15.0/STM32CubeIDE/plugins/com.st.stm32cube.ide.mcu.externaltools.gnu-tools-for-stm32.12.3.rel1.win32_1.0.100.202403111256/tools/bin/../lib/gcc/arm-none-eabi/12.3.1/../../../../arm-none-eabi/lib/thumb/v6-m/nofp\libc_nano.a(libc_a-exit.o)
                              C:/ST/STM32CubeIDE_1.15.0/STM32CubeIDE/plugins/com.st.stm32cube.ide.mcu.externaltools.gnu-tools-for-stm32.12.3.rel1.win32_1.0.100.202403111256/tools/bin/../lib/gcc/arm-none-eabi/12.3.1/../../../../arm-none-eabi/lib/thumb/v6-m/nofp/crt0.o (exit)
C:/ST/STM32CubeIDE_1.15.0/STM32CubeIDE/plugins/com.st.stm32cube.ide.mcu.externaltools.gnu-tools-for-stm32.12.3.rel1.win32_1.0.100.202403111256/tools/bin/../lib/gcc/arm-none-eabi/12.3.1/../../../../arm-none-eabi/lib/thumb/v6-m/nofp\libc_nano.a(libc_a-findfp.o)
                              C:/ST/STM32CubeIDE_1.15.0/STM32CubeIDE/plugins/com.st.stm32cube.ide.mcu.externaltools.gnu-tools-for-stm32.12.3.rel1.win32_1.0.100.202403111256/tools/bin/../lib/gcc/arm-none-eabi/12.3.1/../../../../arm-none-eabi/lib/thumb/v6-m/nofp\libc_nano.a(libc_a-exit.o) (__stdio_exit_handler)
C:/ST/STM32CubeIDE_1.15.0/STM32CubeIDE/plugins/com.st.stm32cube.ide.mcu.externaltools.gnu-tools-for-stm32.12.3.rel1.win32_1.0.100.202403111256/tools/bin/../lib/gcc/arm-none-eabi/12.3.1/../../../../arm-none-eabi/lib/thumb/v6-m/nofp\libc_nano.a(libc_a-fwalk.o)
                              C:/ST/STM32CubeIDE_1.15.0/STM32CubeIDE/plugins/com.st.stm32cube.ide.mcu.externaltools.gnu-tools-for-stm32.12.3.rel1.win32_1.0.100.202403111256/tools/bin/../lib/gcc/arm-none-eabi/12.3.1/../../../../arm-none-eabi/lib/thumb/v6-m/nofp\libc_nano.a(libc_a-findfp.o) (_fwalk_sglue)
C:/ST/STM32CubeIDE_1.15.0/STM32CubeIDE/plugins/com.st.stm32cube.ide.mcu.externaltools.gnu-tools-for-stm32.12.3.rel1.win32_1.0.100.202403111256/tools/bin/../lib/gcc/arm-none-eabi/12.3.1/../../../../arm-none-eabi/lib/thumb/v6-m/nofp\libc_nano.a(libc_a-stdio.o)
                              C:/ST/STM32CubeIDE_1.15.0/STM32CubeIDE/plugins/com.st.stm32cube.ide.mcu.externaltools.gnu-tools-for-stm32.12.3.rel1.win32_1.0.100.202403111256/tools/bin/../lib/gcc/arm-none-eabi/12.3.1/../../../../arm-none-eabi/lib/thumb/v6-m/nofp\libc_nano.a(libc_a-findfp.o) (__sread)
C:/ST/STM32CubeIDE_1.15.0/STM32CubeIDE/plugins/com.st.stm32cube.ide.mcu.externaltools.gnu-tools-for-stm32.12.3.rel1.win32_1.0.100.202403111256/tools/bin/../lib/gcc/arm-none-eabi/12.3.1/../../../../arm-none-eabi/lib/thumb/v6-m/nofp\libc_nano.a(libc_a-memset.o)
                              C:/ST/STM32CubeIDE_1.15.0/STM32CubeIDE/plugins/com.st.stm32cube.ide.mcu.externaltools.gnu-tools-for-stm32.12.3.rel1.win32_1.0.100.202403111256/tools/bin/../lib/gcc/arm-none-eabi/12.3.1/../../../../arm-none-eabi/lib/thumb/v6-m/nofp/crt0.o (memset)
C:/ST/STM32CubeIDE_1.15.0/STM32CubeIDE/plugins/com.st.stm32cube.ide.mcu.externaltools.gnu-tools-for-stm32.12.3.rel1.win32_1.0.100.202403111256/tools/bin/../lib/gcc/arm-none-eabi/12.3.1/../../../../arm-none-eabi/lib/thumb/v6-m/nofp\libc_nano.a(libc_a-closer.o)
                              C:/ST/STM32CubeIDE_1.15.0/STM32CubeIDE/plugins/com.st.stm32cube.ide.mcu.externaltools.gnu-tools-for-stm32.12.3.rel1.win32_1.0.100.202403111256/tools/bin/../lib/gcc/arm-none-eabi/12.3.1/../../../../arm-none-eabi/lib/thumb/v6-m/nofp\libc_nano.a(libc_a-stdio.o) (_close_r)
C:/ST/STM32CubeIDE_1.15.0/STM32CubeIDE/plugins/com.st.stm32cube.ide.mcu.externaltools.gnu-tools-for-stm32.12.3.rel1.win32_1.0.100.202403111256/tools/bin/../lib/gcc/arm-none-eabi/12.3.1/../../../../arm-none-eabi/lib/thumb/v6-m/nofp\libc_nano.a(libc_a-reent.o)
                              C:/ST/STM32CubeIDE_1.15.0/STM32CubeIDE/plugins/com.st.stm32cube.ide.mcu.externaltools.gnu-tools-for-stm32.12.3.rel1.win32_1.0.100.202403111256/tools/bin/../lib/gcc/arm-none-eabi/12.3.1/../../../../arm-none-eabi/lib/thumb/v6-m/nofp\libc_nano.a(libc_a-closer.o) (errno)
C:/ST/STM32CubeIDE_1.15.0/STM32CubeIDE/plugins/com.st.stm32cube.ide.mcu.externaltools.gnu-tools-for-stm32.12.3.rel1.win32_1.0.100.202403111256/tools/bin/../lib/gcc/arm-none-eabi/12.3.1/../../../../arm-none-eabi/lib/thumb/v6-m/nofp\libc_nano.a(libc_a-impure.o)
                              C:/ST/STM32CubeIDE_1.15.0/STM32CubeIDE/plugins/com.st.stm32cube.ide.mcu.externaltools.gnu-tools-for-stm32.12.3.rel1.win32_1.0.100.202403111256/tools/bin/../lib/gcc/arm-none-eabi/12.3.1/../../../../arm-none-eabi/lib/thumb/v6-m/nofp\libc_nano.a(libc_a-reent.o) (_impure_ptr)
C:/ST/STM32CubeIDE_1.15.0/STM32CubeIDE/plugins/com.st.stm32cube.ide.mcu.externaltools.gnu-tools-for-stm32.12.3.rel1.win32_1.0.100.202403111256/tools/bin/../lib/gcc/arm-none-eabi/12.3.1/../../../../arm-none-eabi/lib/thumb/v6-m/nofp\libc_nano.a(libc_a-lseekr.o)
[...]
Memory Configuration

Name             Origin             Length             Attributes
RAM              0x20000000         0x00008000         xrw
FLASH            0x08000000         0x00040000         xr
*default*        0x00000000         0xffffffff

Linker script and memory map

LOAD C:/ST/STM32CubeIDE_1.15.0/STM32CubeIDE/plugins/com.st.stm32cube.ide.mcu.externaltools.gnu-tools-for-stm32.12.3.rel1.win32_1.0.100.202403111256/tools/bin/../lib/gcc/arm-none-eabi/12.3.1/thumb/v6-m/nofp/crti.o
LOAD C:/ST/STM32CubeIDE_1.15.0/STM32CubeIDE/plugins/com.st.stm32cube.ide.mcu.externaltools.gnu-tools-for-stm32.12.3.rel1.win32_1.0.100.202403111256/tools/bin/../lib/gcc/arm-none-eabi/12.3.1/thumb/v6-m/nofp/crtbegin.o
LOAD C:/ST/STM32CubeIDE_1.15.0/STM32CubeIDE/plugins/com.st.stm32cube.ide.mcu.externaltools.gnu-tools-for-stm32.12.3.rel1.win32_1.0.100.202403111256/tools/bin/../lib/gcc/arm-none-eabi/12.3.1/../../../../arm-none-eabi/lib/thumb/v6-m/nofp/crt0.o
LOAD ./Core/Src/main.o
LOAD ./Core/Src/stm32u083c_discovery_glass_lcd.o
LOAD ./Core/Src/stm32u0xx_hal_msp.o
LOAD ./Core/Src/stm32u0xx_it.o
LOAD ./Core/Src/syscalls.o
LOAD ./Core/Src/sysmem.o
LOAD ./Core/Src/system_stm32u0xx.o
LOAD ./Core/Startup/startup_stm32u083mctx.o
LOAD ./Drivers/STM32U0xx_HAL_Driver/Src/stm32u0xx_hal.o
LOAD ./Drivers/STM32U0xx_HAL_Driver/Src/stm32u0xx_hal_comp.o
LOAD ./Drivers/STM32U0xx_HAL_Driver/Src/stm32u0xx_hal_cortex.o
LOAD ./Drivers/STM32U0xx_HAL_Driver/Src/stm32u0xx_hal_dma.o
LOAD ./Drivers/STM32U0xx_HAL_Driver/Src/stm32u0xx_hal_dma_ex.o
LOAD ./Drivers/STM32U0xx_HAL_Driver/Src/stm32u0xx_hal_exti.o
LOAD ./Drivers/STM32U0xx_HAL_Driver/Src/stm32u0xx_hal_flash.o
LOAD ./Drivers/STM32U0xx_HAL_Driver/Src/stm32u0xx_hal_flash_ex.o
LOAD ./Drivers/STM32U0xx_HAL_Driver/Src/stm32u0xx_hal_gpio.o
LOAD ./Drivers/STM32U0xx_HAL_Driver/Src/stm32u0xx_hal_lcd.o
LOAD ./Drivers/STM32U0xx_HAL_Driver/Src/stm32u0xx_hal_lptim.o
LOAD ./Drivers/STM32U0xx_HAL_Driver/Src/stm32u0xx_hal_pwr.o
LOAD ./Drivers/STM32U0xx_HAL_Driver/Src/stm32u0xx_hal_pwr_ex.o
LOAD ./Drivers/STM32U0xx_HAL_Driver/Src/stm32u0xx_hal_rcc.o
LOAD ./Drivers/STM32U0xx_HAL_Driver/Src/stm32u0xx_hal_rcc_ex.o
LOAD ./Drivers/STM32U0xx_HAL_Driver/Src/stm32u0xx_hal_rtc.o
LOAD ./Drivers/STM32U0xx_HAL_Driver/Src/stm32u0xx_hal_rtc_ex.o
LOAD ./Drivers/STM32U0xx_HAL_Driver/Src/stm32u0xx_hal_tim.o
LOAD ./Drivers/STM32U0xx_HAL_Driver/Src/stm32u0xx_hal_tim_ex.o
START GROUP
LOAD C:/ST/STM32CubeIDE_1.15.0/STM32CubeIDE/plugins/com.st.stm32cube.ide.mcu.externaltools.gnu-tools-for-stm32.12.3.rel1.win32_1.0.100.202403111256/tools/bin/../lib/gcc/arm-none-eabi/12.3.1/../../../../arm-none-eabi/lib/thumb/v6-m/nofp\libc_nano.a
LOAD C:/ST/STM32CubeIDE_1.15.0/STM32CubeIDE/plugins/com.st.stm32cube.ide.mcu.externaltools.gnu-tools-for-stm32.12.3.rel1.win32_1.0.100.202403111256/tools/bin/../lib/gcc/arm-none-eabi/12.3.1/../../../../arm-none-eabi/lib/thumb/v6-m/nofp\libm.a
END GROUP
START GROUP
LOAD C:/ST/STM32CubeIDE_1.15.0/STM32CubeIDE/plugins/com.st.stm32cube.ide.mcu.externaltools.gnu-tools-for-stm32.12.3.rel1.win32_1.0.100.202403111256/tools/bin/../lib/gcc/arm-none-eabi/12.3.1/thumb/v6-m/nofp\libgcc.a
LOAD C:/ST/STM32CubeIDE_1.15.0/STM32CubeIDE/plugins/com.st.stm32cube.ide.mcu.externaltools.gnu-tools-for-stm32.12.3.rel1.win32_1.0.100.202403111256/tools/bin/../lib/gcc/arm-none-eabi/12.3.1/../../../../arm-none-eabi/lib/thumb/v6-m/nofp\libc_nano.a
END GROUP
START GROUP
LOAD C:/ST/STM32CubeIDE_1.15.0/STM32CubeIDE/plugins/com.st.stm32cube.ide.mcu.externaltools.gnu-tools-for-stm32.12.3.rel1.win32_1.0.100.202403111256/tools/bin/../lib/gcc/arm-none-eabi/12.3.1/thumb/v6-m/nofp\libgcc.a
LOAD C:/ST/STM32CubeIDE_1.15.0/STM32CubeIDE/plugins/com.st.stm32cube.ide.mcu.externaltools.gnu-tools-for-stm32.12.3.rel1.win32_1.0.100.202403111256/tools/bin/../lib/gcc/arm-none-eabi/12.3.1/../../../../arm-none-eabi/lib/thumb/v6-m/nofp\libc_nano.a
LOAD C:/ST/STM32CubeIDE_1.15.0/STM32CubeIDE/plugins/com.st.stm32cube.ide.mcu.externaltools.gnu-tools-for-stm32.12.3.rel1.win32_1.0.100.202403111256/tools/bin/../lib/gcc/arm-none-eabi/12.3.1/../../../../arm-none-eabi/lib/thumb/v6-m/nofp\libnosys.a
END GROUP
START GROUP
LOAD C:/ST/STM32CubeIDE_1.15.0/STM32CubeIDE/plugins/com.st.stm32cube.ide.mcu.externaltools.gnu-tools-for-stm32.12.3.rel1.win32_1.0.100.202403111256/tools/bin/../lib/gcc/arm-none-eabi/12.3.1/thumb/v6-m/nofp\libgcc.a
LOAD C:/ST/STM32CubeIDE_1.15.0/STM32CubeIDE/plugins/com.st.stm32cube.ide.mcu.externaltools.gnu-tools-for-stm32.12.3.rel1.win32_1.0.100.202403111256/tools/bin/../lib/gcc/arm-none-eabi/12.3.1/../../../../arm-none-eabi/lib/thumb/v6-m/nofp\libc_nano.a
LOAD C:/ST/STM32CubeIDE_1.15.0/STM32CubeIDE/plugins/com.st.stm32cube.ide.mcu.externaltools.gnu-tools-for-stm32.12.3.rel1.win32_1.0.100.202403111256/tools/bin/../lib/gcc/arm-none-eabi/12.3.1/../../../../arm-none-eabi/lib/thumb/v6-m/nofp\libnosys.a
END GROUP
LOAD C:/ST/STM32CubeIDE_1.15.0/STM32CubeIDE/plugins/com.st.stm32cube.ide.mcu.externaltools.gnu-tools-for-stm32.12.3.rel1.win32_1.0.100.202403111256/tools/bin/../lib/gcc/arm-none-eabi/12.3.1/thumb/v6-m/nofp/crtend.o
LOAD C:/ST/STM32CubeIDE_1.15.0/STM32CubeIDE/plugins/com.st.stm32cube.ide.mcu.externaltools.gnu-tools-for-stm32.12.3.rel1.win32_1.0.100.202403111256/tools/bin/../lib/gcc/arm-none-eabi/12.3.1/thumb/v6-m/nofp/crtn.o
                0x20008000                        _estack = (ORIGIN (RAM) + LENGTH (RAM))
                0x00000200                        _Min_Heap_Size = 0x200
                0x00000400                        _Min_Stack_Size = 0x400

.isr_vector     0x08000000       0xc0
                0x08000000                        . = ALIGN (0x4)
 *(.isr_vector)
 .isr_vector    0x08000000       0xc0 ./Core/Startup/startup_stm32u083mctx.o
                0x08000000                g_pfnVectors
                0x080000c0                        . = ALIGN (0x4)

.text           0x080000c0     0x2df0
                0x080000c0                        . = ALIGN (0x4)
 *(.text)
 .text          0x080000c0       0x48 C:/ST/STM32CubeIDE_1.15.0/STM32CubeIDE/plugins/com.st.stm32cube.ide.mcu.externaltools.gnu-tools-for-stm32.12.3.rel1.win32_1.0.100.202403111256/tools/bin/../lib/gcc/arm-none-eabi/12.3.1/thumb/v6-m/nofp/crtbegin.o
 .text          0x08000108        0xe C:/ST/STM32CubeIDE_1.15.0/STM32CubeIDE/plugins/com.st.stm32cube.ide.mcu.externaltools.gnu-tools-for-stm32.12.3.rel1.win32_1.0.100.202403111256/tools/bin/../lib/gcc/arm-none-eabi/12.3.1/../../../../arm-none-eabi/lib/thumb/v6-m/nofp\libc_nano.a(libc_a-strlen.o)
                0x08000108                strlen
 *fill*         0x08000116        0x2 
 .text          0x08000118      0x114 C:/ST/STM32CubeIDE_1.15.0/STM32CubeIDE/plugins/com.st.stm32cube.ide.mcu.externaltools.gnu-tools-for-stm32.12.3.rel1.win32_1.0.100.202403111256/tools/bin/../lib/gcc/arm-none-eabi/12.3.1/thumb/v6-m/nofp\libgcc.a(_udivsi3.o)
                0x08000118                __aeabi_uidiv
                0x08000118                __udivsi3
                0x08000224                __aeabi_uidivmod
 .text          0x0800022c      0x1d4 C:/ST/STM32CubeIDE_1.15.0/STM32CubeIDE/plugins/com.st.stm32cube.ide.mcu.externaltools.gnu-tools-for-stm32.12.3.rel1.win32_1.0.100.202403111256/tools/bin/../lib/gcc/arm-none-eabi/12.3.1/thumb/v6-m/nofp\libgcc.a(_divsi3.o)
                0x0800022c                __divsi3
                0x0800022c                __aeabi_idiv
                0x080003f8                __aeabi_idivmod
 .text          0x08000400        0x4 C:/ST/STM32CubeIDE_1.15.0/STM32CubeIDE/plugins/com.st.stm32cube.ide.mcu.externaltools.gnu-tools-for-stm32.12.3.rel1.win32_1.0.100.202403111256/tools/bin/../lib/gcc/arm-none-eabi/12.3.1/thumb/v6-m/nofp\libgcc.a(_dvmd_tls.o)
                0x08000400                __aeabi_idiv0
                0x08000400                __aeabi_ldiv0
 *(.text*)
 .text.SystemClock_Config
                0x08000404       0x7c ./Core/Src/main.o
                0x08000404                SystemClock_Config
 .text.startup.main
                0x08000480      0x200 ./Core/Src/main.o
                0x08000480                main
 .text.CaptureFalling_Callback
                0x08000680       0x58 ./Core/Src/main.o
                0x08000680                CaptureFalling_Callback
 .text.CaptureRising_Callback
                0x080006d8       0x18 ./Core/Src/main.o
                0x080006d8                CaptureRising_Callback
 .text.WakeUp_Callback
                0x080006f0       0xa8 ./Core/Src/main.o
                0x080006f0                WakeUp_Callback
 .text.Error_Handler
                0x08000798        0x4 ./Core/Src/main.o
                0x08000798                Error_Handler
 .text.WriteChar.isra.0
                0x0800079c      0x5c0 ./Core/Src/stm32u083c_discovery_glass_lcd.o
 .text.BSP_LCD_GLASS_Init
                0x08000d5c      0x180 ./Core/Src/stm32u083c_discovery_glass_lcd.o
                0x08000d5c                BSP_LCD_GLASS_Init
 .text.BSP_LCD_GLASS_DisplayString
                0x08000edc       0x30 ./Core/Src/stm32u083c_discovery_glass_lcd.o
                0x08000edc                BSP_LCD_GLASS_DisplayString
 .text.BSP_LCD_GLASS_DisplayStrDeci
                0x08000f0c       0x68 ./Core/Src/stm32u083c_discovery_glass_lcd.o
                0x08000f0c                BSP_LCD_GLASS_DisplayStrDeci
 .text.BSP_LCD_GLASS_Clear
                0x08000f74       0x10 ./Core/Src/stm32u083c_discovery_glass_lcd.o
                0x08000f74                BSP_LCD_GLASS_Clear
 .text.BSP_LCD_GLASS_ScrollSentence
                0x08000f84      0x148 ./Core/Src/stm32u083c_discovery_glass_lcd.o
                0x08000f84                BSP_LCD_GLASS_ScrollSentence
 .text.HAL_MspInit
                0x080010cc       0x30 ./Core/Src/stm32u0xx_hal_msp.o
                0x080010cc                HAL_MspInit
 .text.HAL_COMP_MspInit
                0x080010fc       0x58 ./Core/Src/stm32u0xx_hal_msp.o
                0x080010fc                HAL_COMP_MspInit
 .text.HAL_LPTIM_MspInit
                0x08001154       0x68 ./Core/Src/stm32u0xx_hal_msp.o
                0x08001154                HAL_LPTIM_MspInit
 .text.HAL_RTC_MspInit
                0x080011bc       0x74 ./Core/Src/stm32u0xx_hal_msp.o
                0x080011bc                HAL_RTC_MspInit
 .text.NMI_Handler
                0x08001230        0x4 ./Core/Src/stm32u0xx_it.o
                0x08001230                NMI_Handler
 .text.HardFault_Handler
                0x08001234        0x4 ./Core/Src/stm32u0xx_it.o
                0x08001234                HardFault_Handler
 .text.SVC_Handler
                0x08001238        0x4 ./Core/Src/stm32u0xx_it.o
                0x08001238                SVC_Handler
 .text.PendSV_Handler
                0x0800123c        0x4 ./Core/Src/stm32u0xx_it.o
                0x0800123c                PendSV_Handler
 .text.SysTick_Handler
                0x08001240        0x8 ./Core/Src/stm32u0xx_it.o
                0x08001240                SysTick_Handler
 .text.RTC_TAMP_IRQHandler
                0x08001248       0x28 ./Core/Src/stm32u0xx_it.o
                0x08001248                RTC_TAMP_IRQHandler
 .text.TIM6_DAC_LPTIM1_IRQHandler
                0x08001270       0x40 ./Core/Src/stm32u0xx_it.o
                0x08001270                TIM6_DAC_LPTIM1_IRQHandler
 .text.SystemInit
                0x080012b0       0x38 ./Core/Src/system_stm32u0xx.o
                0x080012b0                SystemInit
 .text.Reset_Handler
                0x080012e8       0x50 ./Core/Startup/startup_stm32u083mctx.o
                0x080012e8                Reset_Handler
 .text.Default_Handler
                0x08001338        0x2 ./Core/Startup/startup_stm32u083mctx.o
                0x08001338                WWDG_IWDG_IRQHandler
                0x08001338                DMA1_Ch4_7_DMA2_Ch1_5_DMAMUX_OVR_IRQHandler
                0x08001338                TIM1_CC_IRQHandler
                0x08001338                TSC_IRQHandler
                0x08001338                USB_DRD_FS_IRQHandler
                0x08001338                I2C1_IRQHandler
                0x08001338                TIM7_LPTIM2_IRQHandler
                0x08001338                RCC_CRS_IRQHandler
                0x08001338                I2C2_3_4_IRQHandler
                0x08001338                SPI1_IRQHandler
                0x08001338                EXTI2_3_IRQHandler
                0x08001338                USART2_LPUART2_IRQHandler
                0x08001338                LCD_IRQHandler
                0x08001338                TIM16_IRQHandler
                0x08001338                TIM3_IRQHandler
                0x08001338                EXTI4_15_IRQHandler
                0x08001338                DMA1_Channel1_IRQHandler
                0x08001338                Default_Handler
                0x08001338                TIM15_LPTIM3_IRQHandler
                0x08001338                EXTI0_1_IRQHandler
                0x08001338                SPI2_3_IRQHandler
                0x08001338                ADC_COMP1_2_IRQHandler
                0x08001338                PVD_PVM_IRQHandler
                0x08001338                TIM2_IRQHandler
                0x08001338                DMA1_Channel2_3_IRQHandler
                0x08001338                USART4_LPUART3_IRQHandler
                0x08001338                FLASH_ECC_IRQHandler
                0x08001338                USART3_LPUART1_IRQHandler
                0x08001338                USART1_IRQHandler
                0x08001338                TIM1_BRK_UP_TRG_COM_IRQHandler
                0x08001338                RNG_CRYP_IRQHandler
 *fill*         0x0800133a        0x2 
 .text.HAL_InitTick
                0x0800133c       0x4c ./Drivers/STM32U0xx_HAL_Driver/Src/stm32u0xx_hal.o
                0x0800133c                HAL_InitTick
 .text.HAL_Init
                0x08001388       0x18 ./Drivers/STM32U0xx_HAL_Driver/Src/stm32u0xx_hal.o
                0x08001388                HAL_Init
 .text.HAL_IncTick
                0x080013a0       0x18 ./Drivers/STM32U0xx_HAL_Driver/Src/stm32u0xx_hal.o
                0x080013a0                HAL_IncTick
 .text.HAL_GetTick
                0x080013b8        0xc ./Drivers/STM32U0xx_HAL_Driver/Src/stm32u0xx_hal.o
                0x080013b8                HAL_GetTick
 .text.HAL_Delay
                0x080013c4       0x24 ./Drivers/STM32U0xx_HAL_Driver/Src/stm32u0xx_hal.o
                0x080013c4                HAL_Delay
 .text.HAL_COMP_Init
                0x080013e8      0x204 ./Drivers/STM32U0xx_HAL_Driver/Src/stm32u0xx_hal_comp.o
                0x080013e8                HAL_COMP_Init
 .text.HAL_COMP_Start
                0x080015ec       0x60 ./Drivers/STM32U0xx_HAL_Driver/Src/stm32u0xx_hal_comp.o
                0x080015ec                HAL_COMP_Start
 .text.HAL_NVIC_SetPriority
                0x0800164c       0x54 ./Drivers/STM32U0xx_HAL_Driver/Src/stm32u0xx_hal_cortex.o
                0x0800164c                HAL_NVIC_SetPriority
 .text.HAL_NVIC_EnableIRQ
                0x080016a0       0x18 ./Drivers/STM32U0xx_HAL_Driver/Src/stm32u0xx_hal_cortex.o
                0x080016a0                HAL_NVIC_EnableIRQ
 .text.HAL_SYSTICK_Config
                0x080016b8       0x34 ./Drivers/STM32U0xx_HAL_Driver/Src/stm32u0xx_hal_cortex.o
                0x080016b8                HAL_SYSTICK_Config
 .text.HAL_GPIO_Init
                0x080016ec      0x20c ./Drivers/STM32U0xx_HAL_Driver/Src/stm32u0xx_hal_gpio.o
                0x080016ec                HAL_GPIO_Init
 .text.HAL_LCD_MspInit
                0x080018f8        0x4 ./Drivers/STM32U0xx_HAL_Driver/Src/stm32u0xx_hal_lcd.o
                0x080018f8                HAL_LCD_MspInit
 .text.HAL_LCD_Init
                0x080018fc      0x110 ./Drivers/STM32U0xx_HAL_Driver/Src/stm32u0xx_hal_lcd.o
                0x080018fc                HAL_LCD_Init
 .text.HAL_LCD_Write
                0x08001a0c       0x88 ./Drivers/STM32U0xx_HAL_Driver/Src/stm32u0xx_hal_lcd.o
                0x08001a0c                HAL_LCD_Write
 .text.HAL_LCD_Clear
                0x08001a94       0xb8 ./Drivers/STM32U0xx_HAL_Driver/Src/stm32u0xx_hal_lcd.o
                0x08001a94                HAL_LCD_Clear
 .text.HAL_LCD_UpdateDisplayRequest
                0x08001b4c       0x4c ./Drivers/STM32U0xx_HAL_Driver/Src/stm32u0xx_hal_lcd.o
                0x08001b4c                HAL_LCD_UpdateDisplayRequest
 .text.HAL_LPTIM_Init
                0x08001b98      0x190 ./Drivers/STM32U0xx_HAL_Driver/Src/stm32u0xx_hal_lptim.o
                0x08001b98                HAL_LPTIM_Init
 .text.HAL_LPTIM_IC_Start_IT
                0x08001d28      0x138 ./Drivers/STM32U0xx_HAL_Driver/Src/stm32u0xx_hal_lptim.o
                0x08001d28                HAL_LPTIM_IC_Start_IT
 .text.HAL_LPTIM_IC_ConfigChannel
                0x08001e60       0xe0 ./Drivers/STM32U0xx_HAL_Driver/Src/stm32u0xx_hal_lptim.o
                0x08001e60                HAL_LPTIM_IC_ConfigChannel
 .text.HAL_PWR_EnableBkUpAccess
                0x08001f40       0x14 ./Drivers/STM32U0xx_HAL_Driver/Src/stm32u0xx_hal_pwr.o
                0x08001f40                HAL_PWR_EnableBkUpAccess
 .text.HAL_PWREx_ControlVoltageScaling
                0x08001f54       0x88 ./Drivers/STM32U0xx_HAL_Driver/Src/stm32u0xx_hal_pwr_ex.o
                0x08001f54                HAL_PWREx_ControlVoltageScaling
 .text.HAL_PWREx_GetVoltageRange
                0x08001fdc       0x10 ./Drivers/STM32U0xx_HAL_Driver/Src/stm32u0xx_hal_pwr_ex.o
                0x08001fdc                HAL_PWREx_GetVoltageRange
 .text.HAL_PWREx_EnableLowPowerRunMode
                0x08001fec       0x14 ./Drivers/STM32U0xx_HAL_Driver/Src/stm32u0xx_hal_pwr_ex.o
                0x08001fec                HAL_PWREx_EnableLowPowerRunMode
 .text.HAL_PWREx_EnterSTOP1Mode
                0x08002000       0x3c ./Drivers/STM32U0xx_HAL_Driver/Src/stm32u0xx_hal_pwr_ex.o
                0x08002000                HAL_PWREx_EnterSTOP1Mode
 .text.RCC_SetFlashLatencyFromMSIRange
                0x0800203c       0x8c ./Drivers/STM32U0xx_HAL_Driver/Src/stm32u0xx_hal_rcc.o
 .text.HAL_RCC_GetSysClockFreq
                0x080020c8       0xc8 ./Drivers/STM32U0xx_HAL_Driver/Src/stm32u0xx_hal_rcc.o
                0x080020c8                HAL_RCC_GetSysClockFreq
 .text.HAL_RCC_OscConfig
                0x08002190      0x658 ./Drivers/STM32U0xx_HAL_Driver/Src/stm32u0xx_hal_rcc.o
                0x08002190                HAL_RCC_OscConfig
 .text.HAL_RCC_ClockConfig
                0x080027e8      0x144 ./Drivers/STM32U0xx_HAL_Driver/Src/stm32u0xx_hal_rcc.o
                0x080027e8                HAL_RCC_ClockConfig
 .text.HAL_RCCEx_PeriphCLKConfig
                0x0800292c      0x2d4 ./Drivers/STM32U0xx_HAL_Driver/Src/stm32u0xx_hal_rcc_ex.o
                0x0800292c                HAL_RCCEx_PeriphCLKConfig
 .text.HAL_RTC_Init
                0x08002c00      0x110 ./Drivers/STM32U0xx_HAL_Driver/Src/stm32u0xx_hal_rtc.o
                0x08002c00                HAL_RTC_Init
 .text.HAL_RTCEx_SetWakeUpTimer_IT
                0x08002d10       0xfc ./Drivers/STM32U0xx_HAL_Driver/Src/stm32u0xx_hal_rtc_ex.o
                0x08002d10                HAL_RTCEx_SetWakeUpTimer_IT
 .text.HAL_RTCEx_DeactivateWakeUpTimer
                0x08002e0c       0x34 ./Drivers/STM32U0xx_HAL_Driver/Src/stm32u0xx_hal_rtc_ex.o
                0x08002e0c                HAL_RTCEx_DeactivateWakeUpTimer
 .text.memset   0x08002e40       0x10 C:/ST/STM32CubeIDE_1.15.0/STM32CubeIDE/plugins/com.st.stm32cube.ide.mcu.externaltools.gnu-tools-for-stm32.12.3.rel1.win32_1.0.100.202403111256/tools/bin/../lib/gcc/arm-none-eabi/12.3.1/../../../../arm-none-eabi/lib/thumb/v6-m/nofp\libc_nano.a(libc_a-memset.o)
                0x08002e40                memset
 .text.__libc_init_array
                0x08002e50       0x48 C:/ST/STM32CubeIDE_1.15.0/STM32CubeIDE/plugins/com.st.stm32cube.ide.mcu.externaltools.gnu-tools-for-stm32.12.3.rel1.win32_1.0.100.202403111256/tools/bin/../lib/gcc/arm-none-eabi/12.3.1/../../../../arm-none-eabi/lib/thumb/v6-m/nofp\libc_nano.a(libc_a-init.o)
                0x08002e50                __libc_init_array
 *(.glue_7)
 .glue_7        0x08002e98        0x0 linker stubs
 *(.glue_7t)
 .glue_7t       0x08002e98        0x0 linker stubs
 *(.eh_frame)
 .eh_frame      0x08002e98        0x0 C:/ST/STM32CubeIDE_1.15.0/STM32CubeIDE/plugins/com.st.stm32cube.ide.mcu.externaltools.gnu-tools-for-stm32.12.3.rel1.win32_1.0.100.202403111256/tools/bin/../lib/gcc/arm-none-eabi/12.3.1/thumb/v6-m/nofp/crtbegin.o
 *(.init)
 .init          0x08002e98        0x4 C:/ST/STM32CubeIDE_1.15.0/STM32CubeIDE/plugins/com.st.stm32cube.ide.mcu.externaltools.gnu-tools-for-stm32.12.3.rel1.win32_1.0.100.202403111256/tools/bin/../lib/gcc/arm-none-eabi/12.3.1/thumb/v6-m/nofp/crti.o
                0x08002e98                _init
 .init          0x08002e9c        0x8 C:/ST/STM32CubeIDE_1.15.0/STM32CubeIDE/plugins/com.st.stm32cube.ide.mcu.externaltools.gnu-tools-for-stm32.12.3.rel1.win32_1.0.100.202403111256/tools/bin/../lib/gcc/arm-none-eabi/12.3.1/thumb/v6-m/nofp/crtn.o
 *(.fini)
 .fini          0x08002ea4        0x4 C:/ST/STM32CubeIDE_1.15.0/STM32CubeIDE/plugins/com.st.stm32cube.ide.mcu.externaltools.gnu-tools-for-stm32.12.3.rel1.win32_1.0.100.202403111256/tools/bin/../lib/gcc/arm-none-eabi/12.3.1/thumb/v6-m/nofp/crti.o
                0x08002ea4                _fini
 .fini          0x08002ea8        0x8 C:/ST/STM32CubeIDE_1.15.0/STM32CubeIDE/plugins/com.st.stm32cube.ide.mcu.externaltools.gnu-tools-for-stm32.12.3.rel1.win32_1.0.100.202403111256/tools/bin/../lib/gcc/arm-none-eabi/12.3.1/thumb/v6-m/nofp/crtn.o
                0x08002eb0                        . = ALIGN (0x4)
                0x08002eb0                        _etext = .

.vfp11_veneer   0x08002eb0        0x0
 .vfp11_veneer  0x08002eb0        0x0 linker stubs

.v4_bx          0x08002eb0        0x0
 .v4_bx         0x08002eb0        0x0 linker stubs

.iplt           0x08002eb0        0x0
 .iplt          0x08002eb0        0x0 C:/ST/STM32CubeIDE_1.15.0/STM32CubeIDE/plugins/com.st.stm32cube.ide.mcu.externaltools.gnu-tools-for-stm32.12.3.rel1.win32_1.0.100.202403111256/tools/bin/../lib/gcc/arm-none-eabi/12.3.1/thumb/v6-m/nofp/crtbegin.o

.rodata         0x08002eb0      0x214
                0x08002eb0                        . = ALIGN (0x4)
 *(.rodata)
 *(.rodata*)
 .rodata.main.str1.4
                0x08002eb0       0x35 ./Core/Src/main.o
 *fill*         0x08002ee5        0x3 
 .rodata.WriteChar.isra.0
                0x08002ee8      0x154 ./Core/Src/stm32u083c_discovery_glass_lcd.o
 .rodata.NumberMap
                0x0800303c       0x14 ./Core/Src/stm32u083c_discovery_glass_lcd.o
                0x0800303c                NumberMap
 .rodata.CapLetterMap
                0x08003050       0x34 ./Core/Src/stm32u083c_discovery_glass_lcd.o
                0x08003050                CapLetterMap
 .rodata.MSIRangeTable
                0x08003084       0x30 ./Core/Src/system_stm32u0xx.o
                0x08003084                MSIRangeTable
 .rodata.AHBPrescTable
                0x080030b4       0x10 ./Core/Src/system_stm32u0xx.o
                0x080030b4                AHBPrescTable
                0x080030c4                        . = ALIGN (0x4)

.ARM.extab      0x080030c4        0x0
                0x080030c4                        . = ALIGN (0x4)
 *(.ARM.extab* .gnu.linkonce.armextab.*)
                0x080030c4                        . = ALIGN (0x4)

.ARM            0x080030c4        0x0
                0x080030c4                        . = ALIGN (0x4)
                0x080030c4                        __exidx_start = .
 *(.ARM.exidx*)
                0x080030c4                        __exidx_end = .
                0x080030c4                        . = ALIGN (0x4)

.preinit_array  0x080030c4        0x0
                0x080030c4                        . = ALIGN (0x4)
                0x080030c4                        PROVIDE (__preinit_array_start = .)
 *(.preinit_array*)
                0x080030c4                        PROVIDE (__preinit_array_end = .)
                0x080030c4                        . = ALIGN (0x4)

.init_array     0x080030c4        0x4
                0x080030c4                        . = ALIGN (0x4)
                0x080030c4                        PROVIDE (__init_array_start = .)
 *(SORT_BY_NAME(.init_array.*))
 *(.init_array*)
 .init_array    0x080030c4        0x4 C:/ST/STM32CubeIDE_1.15.0/STM32CubeIDE/plugins/com.st.stm32cube.ide.mcu.externaltools.gnu-tools-for-stm32.12.3.rel1.win32_1.0.100.202403111256/tools/bin/../lib/gcc/arm-none-eabi/12.3.1/thumb/v6-m/nofp/crtbegin.o
                0x080030c8                        PROVIDE (__init_array_end = .)
                0x080030c8                        . = ALIGN (0x4)

.fini_array     0x080030c8        0x4
                0x080030c8                        . = ALIGN (0x4)
                [!provide]                        PROVIDE (__fini_array_start = .)
 *(SORT_BY_NAME(.fini_array.*))
 *(.fini_array*)
 .fini_array    0x080030c8        0x4 C:/ST/STM32CubeIDE_1.15.0/STM32CubeIDE/plugins/com.st.stm32cube.ide.mcu.externaltools.gnu-tools-for-stm32.12.3.rel1.win32_1.0.100.202403111256/tools/bin/../lib/gcc/arm-none-eabi/12.3.1/thumb/v6-m/nofp/crtbegin.o
                [!provide]                        PROVIDE (__fini_array_end = .)
                0x080030cc                        . = ALIGN (0x4)
                0x080030cc                        _sidata = LOADADDR (.data)

.rel.dyn        0x080030cc        0x0
 .rel.iplt      0x080030cc        0x0 C:/ST/STM32CubeIDE_1.15.0/STM32CubeIDE/plugins/com.st.stm32cube.ide.mcu.externaltools.gnu-tools-for-stm32.12.3.rel1.win32_1.0.100.202403111256/tools/bin/../lib/gcc/arm-none-eabi/12.3.1/thumb/v6-m/nofp/crtbegin.o

.data           0x20000000        0xc load address 0x080030cc
                0x20000000                        . = ALIGN (0x4)
                0x20000000                        _sdata = .
 *(.data)
 *(.data*)
 .data.SystemCoreClock
                0x20000000        0x4 ./Core/Src/system_stm32u0xx.o
                0x20000000                SystemCoreClock
 .data.uwTickFreq
                0x20000004        0x4 ./Drivers/STM32U0xx_HAL_Driver/Src/stm32u0xx_hal.o
                0x20000004                uwTickFreq
 .data.uwTickPrio
                0x20000008        0x4 ./Drivers/STM32U0xx_HAL_Driver/Src/stm32u0xx_hal.o
                0x20000008                uwTickPrio
 *(.RamFunc)
 *(.RamFunc*)
                0x2000000c                        . = ALIGN (0x4)
                0x2000000c                        _edata = .

.igot.plt       0x2000000c        0x0 load address 0x080030d8
 .igot.plt      0x2000000c        0x0 C:/ST/STM32CubeIDE_1.15.0/STM32CubeIDE/plugins/com.st.stm32cube.ide.mcu.externaltools.gnu-tools-for-stm32.12.3.rel1.win32_1.0.100.202403111256/tools/bin/../lib/gcc/arm-none-eabi/12.3.1/thumb/v6-m/nofp/crtbegin.o
                0x2000000c                        . = ALIGN (0x4)

.bss            0x20000010      0x144 load address 0x080030d8
                0x20000010                        _sbss = .
                0x20000010                        __bss_start__ = _sbss
 *(.bss)
 .bss           0x20000010       0x1c C:/ST/STM32CubeIDE_1.15.0/STM32CubeIDE/plugins/com.st.stm32cube.ide.mcu.externaltools.gnu-tools-for-stm32.12.3.rel1.win32_1.0.100.202403111256/tools/bin/../lib/gcc/arm-none-eabi/12.3.1/thumb/v6-m/nofp/crtbegin.o
 *(.bss*)
 .bss.tab.0     0x2000002c        0xc ./Core/Src/main.o
 .bss.actValueRise.2
                0x20000038        0x4 ./Core/Src/main.o
 .bss.newValueFall.5
                0x2000003c        0x4 ./Core/Src/main.o
 .bss.negDutyCycle
                0x20000040        0x4 ./Core/Src/main.o
                0x20000040                negDutyCycle
 .bss.newValueRise
                0x20000044        0x4 ./Core/Src/main.o
                0x20000044                newValueRise
 .bss.hrtc      0x20000048       0x30 ./Core/Src/main.o
                0x20000048                hrtc
 .bss.hlptim1   0x20000078       0x58 ./Core/Src/main.o
                0x20000078                hlptim1
 .bss.hcomp1    0x200000d0       0x30 ./Core/Src/main.o
                0x200000d0                hcomp1
 .bss.Digit     0x20000100       0x10 ./Core/Src/stm32u083c_discovery_glass_lcd.o
                0x20000100                Digit
 .bss.LCDHandle
                0x20000110       0x3c ./Core/Src/stm32u083c_discovery_glass_lcd.o
                0x20000110                LCDHandle
 .bss.bLCDGlass_KeyPressed
                0x2000014c        0x1 ./Core/Src/stm32u083c_discovery_glass_lcd.o
                0x2000014c                bLCDGlass_KeyPressed
 *fill*         0x2000014d        0x3 
 .bss.uwTick    0x20000150        0x4 ./Drivers/STM32U0xx_HAL_Driver/Src/stm32u0xx_hal.o
                0x20000150                uwTick
 *(COMMON)
                0x20000154                        . = ALIGN (0x4)
                0x20000154                        _ebss = .
                0x20000154                        __bss_end__ = _ebss

._user_heap_stack
                0x20000154      0x604 load address 0x080030d8
                0x20000158                        . = ALIGN (0x8)
 *fill*         0x20000154        0x4 
                [!provide]                        PROVIDE (end = .)
                0x20000158                        PROVIDE (_end = .)
                0x20000358                        . = (. + _Min_Heap_Size)
 *fill*         0x20000158      0x200 
                0x20000758                        . = (. + _Min_Stack_Size)
 *fill*         0x20000358      0x400 
                0x20000758                        . = ALIGN (0x8)

/DISCARD/
 libc.a(*)
 libm.a(*)
 libgcc.a(*)

.ARM.attributes
                0x00000000       0x28
 *(.ARM.attributes)
 .ARM.attributes
                0x00000000       0x1e C:/ST/STM32CubeIDE_1.15.0/STM32CubeIDE/plugins/com.st.stm32cube.ide.mcu.externaltools.gnu-tools-for-stm32.12.3.rel1.win32_1.0.100.202403111256/tools/bin/../lib/gcc/arm-none-eabi/12.3.1/thumb/v6-m/nofp/crti.o
 .ARM.attributes
                0x0000001e       0x2c C:/ST/STM32CubeIDE_1.15.0/STM32CubeIDE/plugins/com.st.stm32cube.ide.mcu.externaltools.gnu-tools-for-stm32.12.3.rel1.win32_1.0.100.202403111256/tools/bin/../lib/gcc/arm-none-eabi/12.3.1/thumb/v6-m/nofp/crtbegin.o
 .ARM.attributes
                0x0000004a       0x28 ./Core/Src/main.o
 .ARM.attributes
                0x00000072       0x28 ./Core/Src/stm32u083c_discovery_glass_lcd.o
 .ARM.attributes
                0x0000009a       0x28 ./Core/Src/stm32u0xx_hal_msp.o
 .ARM.attributes
                0x000000c2       0x28 ./Core/Src/stm32u0xx_it.o
 .ARM.attributes
                0x000000ea       0x28 ./Core/Src/system_stm32u0xx.o
 .ARM.attributes
                0x00000112       0x22 ./Core/Startup/startup_stm32u083mctx.o
 .ARM.attributes
                0x00000134       0x28 ./Drivers/STM32U0xx_HAL_Driver/Src/stm32u0xx_hal.o
 .ARM.attributes
                0x0000015c       0x28 ./Drivers/STM32U0xx_HAL_Driver/Src/stm32u0xx_hal_comp.o
 .ARM.attributes
                0x00000184       0x28 ./Drivers/STM32U0xx_HAL_Driver/Src/stm32u0xx_hal_cortex.o
 .ARM.attributes
                0x000001ac       0x28 ./Drivers/STM32U0xx_HAL_Driver/Src/stm32u0xx_hal_gpio.o
 .ARM.attributes
                0x000001d4       0x28 ./Drivers/STM32U0xx_HAL_Driver/Src/stm32u0xx_hal_lcd.o
 .ARM.attributes
                0x000001fc       0x28 ./Drivers/STM32U0xx_HAL_Driver/Src/stm32u0xx_hal_lptim.o
 .ARM.attributes
                0x00000224       0x28 ./Drivers/STM32U0xx_HAL_Driver/Src/stm32u0xx_hal_pwr.o
 .ARM.attributes
                0x0000024c       0x28 ./Drivers/STM32U0xx_HAL_Driver/Src/stm32u0xx_hal_pwr_ex.o
 .ARM.attributes
                0x00000274       0x28 ./Drivers/STM32U0xx_HAL_Driver/Src/stm32u0xx_hal_rcc.o
 .ARM.attributes
                0x0000029c       0x28 ./Drivers/STM32U0xx_HAL_Driver/Src/stm32u0xx_hal_rcc_ex.o
 .ARM.attributes
                0x000002c4       0x28 ./Drivers/STM32U0xx_HAL_Driver/Src/stm32u0xx_hal_rtc.o
 .ARM.attributes
                0x000002ec       0x28 ./Drivers/STM32U0xx_HAL_Driver/Src/stm32u0xx_hal_rtc_ex.o
 .ARM.attributes
                0x00000314       0x2c C:/ST/STM32CubeIDE_1.15.0/STM32CubeIDE/plugins/com.st.stm32cube.ide.mcu.externaltools.gnu-tools-for-stm32.12.3.rel1.win32_1.0.100.202403111256/tools/bin/../lib/gcc/arm-none-eabi/12.3.1/../../../../arm-none-eabi/lib/thumb/v6-m/nofp\libc_nano.a(libc_a-memset.o)
 .ARM.attributes
                0x00000340       0x2c C:/ST/STM32CubeIDE_1.15.0/STM32CubeIDE/plugins/com.st.stm32cube.ide.mcu.externaltools.gnu-tools-for-stm32.12.3.rel1.win32_1.0.100.202403111256/tools/bin/../lib/gcc/arm-none-eabi/12.3.1/../../../../arm-none-eabi/lib/thumb/v6-m/nofp\libc_nano.a(libc_a-init.o)
 .ARM.attributes
                0x0000036c       0x1c C:/ST/STM32CubeIDE_1.15.0/STM32CubeIDE/plugins/com.st.stm32cube.ide.mcu.externaltools.gnu-tools-for-stm32.12.3.rel1.win32_1.0.100.202403111256/tools/bin/../lib/gcc/arm-none-eabi/12.3.1/../../../../arm-none-eabi/lib/thumb/v6-m/nofp\libc_nano.a(libc_a-strlen.o)
 .ARM.attributes
                0x00000388       0x1e C:/ST/STM32CubeIDE_1.15.0/STM32CubeIDE/plugins/com.st.stm32cube.ide.mcu.externaltools.gnu-tools-for-stm32.12.3.rel1.win32_1.0.100.202403111256/tools/bin/../lib/gcc/arm-none-eabi/12.3.1/thumb/v6-m/nofp\libgcc.a(_udivsi3.o)
 .ARM.attributes
                0x000003a6       0x1e C:/ST/STM32CubeIDE_1.15.0/STM32CubeIDE/plugins/com.st.stm32cube.ide.mcu.externaltools.gnu-tools-for-stm32.12.3.rel1.win32_1.0.100.202403111256/tools/bin/../lib/gcc/arm-none-eabi/12.3.1/thumb/v6-m/nofp\libgcc.a(_divsi3.o)
 .ARM.attributes
                0x000003c4       0x1e C:/ST/STM32CubeIDE_1.15.0/STM32CubeIDE/plugins/com.st.stm32cube.ide.mcu.externaltools.gnu-tools-for-stm32.12.3.rel1.win32_1.0.100.202403111256/tools/bin/../lib/gcc/arm-none-eabi/12.3.1/thumb/v6-m/nofp\libgcc.a(_dvmd_tls.o)
 .ARM.attributes
                0x000003e2       0x1e C:/ST/STM32CubeIDE_1.15.0/STM32CubeIDE/plugins/com.st.stm32cube.ide.mcu.externaltools.gnu-tools-for-stm32.12.3.rel1.win32_1.0.100.202403111256/tools/bin/../lib/gcc/arm-none-eabi/12.3.1/thumb/v6-m/nofp/crtn.o
OUTPUT(EndDevice.elf elf32-littlearm)
LOAD linker stubs
LOAD C:/ST/STM32CubeIDE_1.15.0/STM32CubeIDE/plugins/com.st.stm32cube.ide.mcu.externaltools.gnu-tools-for-stm32.12.3.rel1.win32_1.0.100.202403111256/tools/bin/../lib/gcc/arm-none-eabi/12.3.1/../../../../arm-none-eabi/lib/thumb/v6-m/nofp\libc.a
LOAD C:/ST/STM32CubeIDE_1.15.0/STM32CubeIDE/plugins/com.st.stm32cube.ide.mcu.externaltools.gnu-tools-for-stm32.12.3.rel1.win32_1.0.100.202403111256/tools/bin/../lib/gcc/arm-none-eabi/12.3.1/../../../../arm-none-eabi/lib/thumb/v6-m/nofp\libm.a
LOAD C:/ST/STM32CubeIDE_1.15.0/STM32CubeIDE/plugins/com.st.stm32cube.ide.mcu.externaltools.gnu-tools-for-stm32.12.3.rel1.win32_1.0.100.202403111256/tools/bin/../lib/gcc/arm-none-eabi/12.3.1/thumb/v6-m/nofp\libgcc.a

.debug_info     0x00000000    0x11e37
 .debug_info    0x00000000     0x1c7f ./Core/Src/main.o
 .debug_info    0x00001c7f     0x20c4 ./Core/Src/stm32u083c_discovery_glass_lcd.o
 .debug_info    0x00003d43     0x14e5 ./Core/Src/stm32u0xx_hal_msp.o
 .debug_info    0x00005228      0x795 ./Core/Src/stm32u0xx_it.o
 .debug_info    0x000059bd      0x759 ./Core/Src/system_stm32u0xx.o
 .debug_info    0x00006116       0x30 ./Core/Startup/startup_stm32u083mctx.o
 .debug_info    0x00006146      0xc41 ./Drivers/STM32U0xx_HAL_Driver/Src/stm32u0xx_hal.o
 .debug_info    0x00006d87      0xb31 ./Drivers/STM32U0xx_HAL_Driver/Src/stm32u0xx_hal_comp.o
 .debug_info    0x000078b8      0xb25 ./Drivers/STM32U0xx_HAL_Driver/Src/stm32u0xx_hal_cortex.o
 .debug_info    0x000083dd      0x69f ./Drivers/STM32U0xx_HAL_Driver/Src/stm32u0xx_hal_gpio.o
 .debug_info    0x00008a7c      0x7c8 ./Drivers/STM32U0xx_HAL_Driver/Src/stm32u0xx_hal_lcd.o
 .debug_info    0x00009244     0x2995 ./Drivers/STM32U0xx_HAL_Driver/Src/stm32u0xx_hal_lptim.o
 .debug_info    0x0000bbd9      0x904 ./Drivers/STM32U0xx_HAL_Driver/Src/stm32u0xx_hal_pwr.o
 .debug_info    0x0000c4dd      0x99d ./Drivers/STM32U0xx_HAL_Driver/Src/stm32u0xx_hal_pwr_ex.o
 .debug_info    0x0000ce7a      0xfe2 ./Drivers/STM32U0xx_HAL_Driver/Src/stm32u0xx_hal_rcc.o
 .debug_info    0x0000de5c     0x11de ./Drivers/STM32U0xx_HAL_Driver/Src/stm32u0xx_hal_rcc_ex.o
 .debug_info    0x0000f03a     0x1758 ./Drivers/STM32U0xx_HAL_Driver/Src/stm32u0xx_hal_rtc.o
 .debug_info    0x00010792     0x16a5 ./Drivers/STM32U0xx_HAL_Driver/Src/stm32u0xx_hal_rtc_ex.o

.debug_abbrev   0x00000000     0x2f59
 .debug_abbrev  0x00000000      0x41c ./Core/Src/main.o
 .debug_abbrev  0x0000041c      0x381 ./Core/Src/stm32u083c_discovery_glass_lcd.o
 .debug_abbrev  0x0000079d      0x223 ./Core/Src/stm32u0xx_hal_msp.o
 .debug_abbrev  0x000009c0      0x1d0 ./Core/Src/stm32u0xx_it.o
 .debug_abbrev  0x00000b90      0x148 ./Core/Src/system_stm32u0xx.o
 .debug_abbrev  0x00000cd8       0x24 ./Core/Startup/startup_stm32u083mctx.o
 .debug_abbrev  0x00000cfc      0x30a ./Drivers/STM32U0xx_HAL_Driver/Src/stm32u0xx_hal.o
 .debug_abbrev  0x00001006      0x2e3 ./Drivers/STM32U0xx_HAL_Driver/Src/stm32u0xx_hal_comp.o
 .debug_abbrev  0x000012e9      0x2dd ./Drivers/STM32U0xx_HAL_Driver/Src/stm32u0xx_hal_cortex.o
 .debug_abbrev  0x000015c6      0x272 ./Drivers/STM32U0xx_HAL_Driver/Src/stm32u0xx_hal_gpio.o
 .debug_abbrev  0x00001838      0x2a7 ./Drivers/STM32U0xx_HAL_Driver/Src/stm32u0xx_hal_lcd.o
 .debug_abbrev  0x00001adf      0x391 ./Drivers/STM32U0xx_HAL_Driver/Src/stm32u0xx_hal_lptim.o
 .debug_abbrev  0x00001e70      0x1c8 ./Drivers/STM32U0xx_HAL_Driver/Src/stm32u0xx_hal_pwr.o
 .debug_abbrev  0x00002038      0x25a ./Drivers/STM32U0xx_HAL_Driver/Src/stm32u0xx_hal_pwr_ex.o
 .debug_abbrev  0x00002292      0x300 ./Drivers/STM32U0xx_HAL_Driver/Src/stm32u0xx_hal_rcc.o
 .debug_abbrev  0x00002592      0x376 ./Drivers/STM32U0xx_HAL_Driver/Src/stm32u0xx_hal_rcc_ex.o
 .debug_abbrev  0x00002908      0x35f ./Drivers/STM32U0xx_HAL_Driver/Src/stm32u0xx_hal_rtc.o
 .debug_abbrev  0x00002c67      0x2f2 ./Drivers/STM32U0xx_HAL_Driver/Src/stm32u0xx_hal_rtc_ex.o

.debug_loclists
                0x00000000     0x71db
 .debug_loclists
                0x00000000      0x18e ./Core/Src/main.o
 .debug_loclists
                0x0000018e     0x1260 ./Core/Src/stm32u083c_discovery_glass_lcd.o
 .debug_loclists
                0x000013ee       0xf3 ./Core/Src/stm32u0xx_hal_msp.o
 .debug_loclists
                0x000014e1       0x88 ./Core/Src/stm32u0xx_it.o
 .debug_loclists
                0x00001569       0xf8 ./Core/Src/system_stm32u0xx.o
 .debug_loclists
                0x00001661      0x136 ./Drivers/STM32U0xx_HAL_Driver/Src/stm32u0xx_hal.o
 .debug_loclists
                0x00001797      0x3cc ./Drivers/STM32U0xx_HAL_Driver/Src/stm32u0xx_hal_comp.o
 .debug_loclists
                0x00001b63      0x1ef ./Drivers/STM32U0xx_HAL_Driver/Src/stm32u0xx_hal_cortex.o
 .debug_loclists
                0x00001d52      0x37e ./Drivers/STM32U0xx_HAL_Driver/Src/stm32u0xx_hal_gpio.o
 .debug_loclists
                0x000020d0      0x42e ./Drivers/STM32U0xx_HAL_Driver/Src/stm32u0xx_hal_lcd.o
 .debug_loclists
                0x000024fe     0x1ff2 ./Drivers/STM32U0xx_HAL_Driver/Src/stm32u0xx_hal_lptim.o
 .debug_loclists
                0x000044f0       0xe2 ./Drivers/STM32U0xx_HAL_Driver/Src/stm32u0xx_hal_pwr.o
 .debug_loclists
                0x000045d2      0x26b ./Drivers/STM32U0xx_HAL_Driver/Src/stm32u0xx_hal_pwr_ex.o
 .debug_loclists
                0x0000483d      0x652 ./Drivers/STM32U0xx_HAL_Driver/Src/stm32u0xx_hal_rcc.o
 .debug_loclists
                0x00004e8f      0x7eb ./Drivers/STM32U0xx_HAL_Driver/Src/stm32u0xx_hal_rcc_ex.o
 .debug_loclists
                0x0000567a      0xf7a ./Drivers/STM32U0xx_HAL_Driver/Src/stm32u0xx_hal_rtc.o
 .debug_loclists
                0x000065f4      0xbe7 ./Drivers/STM32U0xx_HAL_Driver/Src/stm32u0xx_hal_rtc_ex.o

.debug_aranges  0x00000000      0xce8
 .debug_aranges
                0x00000000       0x50 ./Core/Src/main.o
 .debug_aranges
                0x00000050       0x80 ./Core/Src/stm32u083c_discovery_glass_lcd.o
 .debug_aranges
                0x000000d0       0x50 ./Core/Src/stm32u0xx_hal_msp.o
 .debug_aranges
                0x00000120       0x50 ./Core/Src/stm32u0xx_it.o
 .debug_aranges
                0x00000170       0x28 ./Core/Src/system_stm32u0xx.o
 .debug_aranges
                0x00000198       0x28 ./Core/Startup/startup_stm32u083mctx.o
 .debug_aranges
                0x000001c0      0x158 ./Drivers/STM32U0xx_HAL_Driver/Src/stm32u0xx_hal.o
 .debug_aranges
                0x00000318       0x78 ./Drivers/STM32U0xx_HAL_Driver/Src/stm32u0xx_hal_comp.o
 .debug_aranges
                0x00000390       0xa0 ./Drivers/STM32U0xx_HAL_Driver/Src/stm32u0xx_hal_cortex.o
 .debug_aranges
                0x00000430       0x60 ./Drivers/STM32U0xx_HAL_Driver/Src/stm32u0xx_hal_gpio.o
 .debug_aranges
                0x00000490       0x68 ./Drivers/STM32U0xx_HAL_Driver/Src/stm32u0xx_hal_lcd.o
 .debug_aranges
                0x000004f8      0x210 ./Drivers/STM32U0xx_HAL_Driver/Src/stm32u0xx_hal_lptim.o
 .debug_aranges
                0x00000708       0xa0 ./Drivers/STM32U0xx_HAL_Driver/Src/stm32u0xx_hal_pwr.o
 .debug_aranges
                0x000007a8      0x130 ./Drivers/STM32U0xx_HAL_Driver/Src/stm32u0xx_hal_pwr_ex.o
 .debug_aranges
                0x000008d8       0x88 ./Drivers/STM32U0xx_HAL_Driver/Src/stm32u0xx_hal_rcc.o
 .debug_aranges
                0x00000960       0xe8 ./Drivers/STM32U0xx_HAL_Driver/Src/stm32u0xx_hal_rcc_ex.o
 .debug_aranges
                0x00000a48       0xe8 ./Drivers/STM32U0xx_HAL_Driver/Src/stm32u0xx_hal_rtc.o
 .debug_aranges
                0x00000b30      0x1b8 ./Drivers/STM32U0xx_HAL_Driver/Src/stm32u0xx_hal_rtc_ex.o

.debug_rnglists
                0x00000000     0x100b
 .debug_rnglists
                0x00000000       0xec ./Core/Src/main.o
 .debug_rnglists
                0x000000ec      0x12c ./Core/Src/stm32u083c_discovery_glass_lcd.o
 .debug_rnglists
                0x00000218       0x82 ./Core/Src/stm32u0xx_hal_msp.o
 .debug_rnglists
                0x0000029a       0x5b ./Core/Src/stm32u0xx_it.o
 .debug_rnglists
                0x000002f5       0x1a ./Core/Src/system_stm32u0xx.o
 .debug_rnglists
                0x0000030f       0x19 ./Core/Startup/startup_stm32u083mctx.o
 .debug_rnglists
                0x00000328       0xfd ./Drivers/STM32U0xx_HAL_Driver/Src/stm32u0xx_hal.o
 .debug_rnglists
                0x00000425       0x95 ./Drivers/STM32U0xx_HAL_Driver/Src/stm32u0xx_hal_comp.o
 .debug_rnglists
                0x000004ba       0x9d ./Drivers/STM32U0xx_HAL_Driver/Src/stm32u0xx_hal_cortex.o
 .debug_rnglists
                0x00000557       0x45 ./Drivers/STM32U0xx_HAL_Driver/Src/stm32u0xx_hal_gpio.o
 .debug_rnglists
                0x0000059c       0x77 ./Drivers/STM32U0xx_HAL_Driver/Src/stm32u0xx_hal_lcd.o
 .debug_rnglists
                0x00000613      0x412 ./Drivers/STM32U0xx_HAL_Driver/Src/stm32u0xx_hal_lptim.o
 .debug_rnglists
                0x00000a25       0x74 ./Drivers/STM32U0xx_HAL_Driver/Src/stm32u0xx_hal_pwr.o
 .debug_rnglists
                0x00000a99       0xe4 ./Drivers/STM32U0xx_HAL_Driver/Src/stm32u0xx_hal_pwr_ex.o
 .debug_rnglists
                0x00000b7d       0x96 ./Drivers/STM32U0xx_HAL_Driver/Src/stm32u0xx_hal_rcc.o
 .debug_rnglists
                0x00000c13      0x10a ./Drivers/STM32U0xx_HAL_Driver/Src/stm32u0xx_hal_rcc_ex.o
 .debug_rnglists
                0x00000d1d      0x1a1 ./Drivers/STM32U0xx_HAL_Driver/Src/stm32u0xx_hal_rtc.o
 .debug_rnglists
                0x00000ebe      0x14d ./Drivers/STM32U0xx_HAL_Driver/Src/stm32u0xx_hal_rtc_ex.o

.debug_macro    0x00000000    0x1d437
 .debug_macro   0x00000000      0x24d ./Core/Src/main.o
 .debug_macro   0x0000024d      0xaae ./Core/Src/main.o
 .debug_macro   0x00000cfb      0x124 ./Core/Src/main.o
 .debug_macro   0x00000e1f       0x2e ./Core/Src/main.o
 .debug_macro   0x00000e4d       0x28 ./Core/Src/main.o
 .debug_macro   0x00000e75       0x22 ./Core/Src/main.o
 .debug_macro   0x00000e97       0x8e ./Core/Src/main.o
 .debug_macro   0x00000f25       0x51 ./Core/Src/main.o
 .debug_macro   0x00000f76      0x103 ./Core/Src/main.o
 .debug_macro   0x00001079       0x6a ./Core/Src/main.o
 .debug_macro   0x000010e3      0x1df ./Core/Src/main.o
 .debug_macro   0x000012c2       0x1c ./Core/Src/main.o
 .debug_macro   0x000012de       0x22 ./Core/Src/main.o
 .debug_macro   0x00001300       0xd1 ./Core/Src/main.o
 .debug_macro   0x000013d1      0x4da ./Core/Src/main.o
 .debug_macro   0x000018ab      0x11f ./Core/Src/main.o
 .debug_macro   0x000019ca     0xf892 ./Core/Src/main.o
 .debug_macro   0x0001125c       0x6c ./Core/Src/main.o
 .debug_macro   0x000112c8     0x3463 ./Core/Src/main.o
 .debug_macro   0x0001472b      0x189 ./Core/Src/main.o
 .debug_macro   0x000148b4       0x5a ./Core/Src/main.o
 .debug_macro   0x0001490e     0x13de ./Core/Src/main.o
 .debug_macro   0x00015cec      0x55f ./Core/Src/main.o
 .debug_macro   0x0001624b      0x1cf ./Core/Src/main.o
 .debug_macro   0x0001641a      0x175 ./Core/Src/main.o
 .debug_macro   0x0001658f      0x4fa ./Core/Src/main.o
 .debug_macro   0x00016a89      0x280 ./Core/Src/main.o
 .debug_macro   0x00016d09      0x41e ./Core/Src/main.o
 .debug_macro   0x00017127      0x1b2 ./Core/Src/main.o
 .debug_macro   0x000172d9       0x43 ./Core/Src/main.o
 .debug_macro   0x0001731c      0x1f1 ./Core/Src/main.o
 .debug_macro   0x0001750d      0x1b9 ./Core/Src/main.o
 .debug_macro   0x000176c6      0x2cd ./Core/Src/main.o
 .debug_macro   0x00017993      0x1e3 ./Core/Src/main.o
 .debug_macro   0x00017b76      0x375 ./Core/Src/main.o
 .debug_macro   0x00017eeb       0x2e ./Core/Src/main.o
 .debug_macro   0x00017f19       0xe4 ./Core/Src/main.o
 .debug_macro   0x00017ffd      0x408 ./Core/Src/main.o
 .debug_macro   0x00018405      0x4aa ./Core/Src/main.o
 .debug_macro   0x000188af      0x3df ./Core/Src/main.o
 .debug_macro   0x00018c8e      0x128 ./Core/Src/main.o
 .debug_macro   0x00018db6      0x3c8 ./Core/Src/main.o
 .debug_macro   0x0001917e      0x336 ./Core/Src/main.o
 .debug_macro   0x000194b4      0x65f ./Core/Src/main.o
 .debug_macro   0x00019b13       0xe4 ./Core/Src/main.o
 .debug_macro   0x00019bf7      0x5a7 ./Core/Src/main.o
 .debug_macro   0x0001a19e       0x10 ./Core/Src/main.o
 .debug_macro   0x0001a1ae       0x4c ./Core/Src/main.o
 .debug_macro   0x0001a1fa       0xa0 ./Core/Src/main.o
 .debug_macro   0x0001a29a      0x1f5 ./Core/Src/main.o
 .debug_macro   0x0001a48f      0x8c7 ./Core/Src/main.o
 .debug_macro   0x0001ad56      0x483 ./Core/Src/main.o
 .debug_macro   0x0001b1d9      0x256 ./Core/Src/stm32u083c_discovery_glass_lcd.o
 .debug_macro   0x0001b42f       0x46 ./Core/Src/stm32u083c_discovery_glass_lcd.o
 .debug_macro   0x0001b475      0x24d ./Core/Src/stm32u0xx_hal_msp.o
 .debug_macro   0x0001b6c2      0x257 ./Core/Src/stm32u0xx_it.o
 .debug_macro   0x0001b919      0x20f ./Core/Src/system_stm32u0xx.o
 .debug_macro   0x0001bb28      0x227 ./Drivers/STM32U0xx_HAL_Driver/Src/stm32u0xx_hal.o
 .debug_macro   0x0001bd4f      0x219 ./Drivers/STM32U0xx_HAL_Driver/Src/stm32u0xx_hal_comp.o
 .debug_macro   0x0001bf68      0x203 ./Drivers/STM32U0xx_HAL_Driver/Src/stm32u0xx_hal_cortex.o
 .debug_macro   0x0001c16b      0x209 ./Drivers/STM32U0xx_HAL_Driver/Src/stm32u0xx_hal_gpio.o
 .debug_macro   0x0001c374      0x209 ./Drivers/STM32U0xx_HAL_Driver/Src/stm32u0xx_hal_lcd.o
 .debug_macro   0x0001c57d      0x20b ./Drivers/STM32U0xx_HAL_Driver/Src/stm32u0xx_hal_lptim.o
 .debug_macro   0x0001c788      0x221 ./Drivers/STM32U0xx_HAL_Driver/Src/stm32u0xx_hal_pwr.o
 .debug_macro   0x0001c9a9      0x233 ./Drivers/STM32U0xx_HAL_Driver/Src/stm32u0xx_hal_pwr_ex.o
 .debug_macro   0x0001cbdc      0x239 ./Drivers/STM32U0xx_HAL_Driver/Src/stm32u0xx_hal_rcc.o
 .debug_macro   0x0001ce15      0x215 ./Drivers/STM32U0xx_HAL_Driver/Src/stm32u0xx_hal_rcc_ex.o
 .debug_macro   0x0001d02a      0x204 ./Drivers/STM32U0xx_HAL_Driver/Src/stm32u0xx_hal_rtc.o
 .debug_macro   0x0001d22e      0x209 ./Drivers/STM32U0xx_HAL_Driver/Src/stm32u0xx_hal_rtc_ex.o

.debug_line     0x00000000    0x150ed
 .debug_line    0x00000000      0xf82 ./Core/Src/main.o
 .debug_line    0x00000f82     0x1613 ./Core/Src/stm32u083c_discovery_glass_lcd.o
 .debug_line    0x00002595      0xa56 ./Core/Src/stm32u0xx_hal_msp.o
 .debug_line    0x00002feb      0xa08 ./Core/Src/stm32u0xx_it.o
 .debug_line    0x000039f3      0x8d6 ./Core/Src/system_stm32u0xx.o
 .debug_line    0x000042c9       0x7b ./Core/Startup/startup_stm32u083mctx.o
 .debug_line    0x00004344      0xdb6 ./Drivers/STM32U0xx_HAL_Driver/Src/stm32u0xx_hal.o
 .debug_line    0x000050fa      0xe2b ./Drivers/STM32U0xx_HAL_Driver/Src/stm32u0xx_hal_comp.o
 .debug_line    0x00005f25      0xcd5 ./Drivers/STM32U0xx_HAL_Driver/Src/stm32u0xx_hal_cortex.o
 .debug_line    0x00006bfa      0xda3 ./Drivers/STM32U0xx_HAL_Driver/Src/stm32u0xx_hal_gpio.o
 .debug_line    0x0000799d      0xeee ./Drivers/STM32U0xx_HAL_Driver/Src/stm32u0xx_hal_lcd.o
 .debug_line    0x0000888b     0x425d ./Drivers/STM32U0xx_HAL_Driver/Src/stm32u0xx_hal_lptim.o
 .debug_line    0x0000cae8      0xa70 ./Drivers/STM32U0xx_HAL_Driver/Src/stm32u0xx_hal_pwr.o
 .debug_line    0x0000d558      0xfde ./Drivers/STM32U0xx_HAL_Driver/Src/stm32u0xx_hal_pwr_ex.o
 .debug_line    0x0000e536     0x1715 ./Drivers/STM32U0xx_HAL_Driver/Src/stm32u0xx_hal_rcc.o
 .debug_line    0x0000fc4b     0x183b ./Drivers/STM32U0xx_HAL_Driver/Src/stm32u0xx_hal_rcc_ex.o
 .debug_line    0x00011486     0x1e1b ./Drivers/STM32U0xx_HAL_Driver/Src/stm32u0xx_hal_rtc.o
 .debug_line    0x000132a1     0x1e4c ./Drivers/STM32U0xx_HAL_Driver/Src/stm32u0xx_hal_rtc_ex.o

.debug_str      0x00000000    0xbb8fd
 .debug_str     0x00000000    0xb7b9c ./Core/Src/main.o
                              0xb82b7 (size before relaxing)
 .debug_str     0x000b7b9c      0x752 ./Core/Src/stm32u083c_discovery_glass_lcd.o
                              0xb62e7 (size before relaxing)
 .debug_str     0x000b82ee      0x32b ./Core/Src/stm32u0xx_hal_msp.o
                              0xb826a (size before relaxing)
 .debug_str     0x000b8619      0x194 ./Core/Src/stm32u0xx_it.o
                              0xb75b9 (size before relaxing)
 .debug_str     0x000b87ad      0x166 ./Core/Src/system_stm32u0xx.o
                              0xb1cf1 (size before relaxing)
 .debug_str     0x000b8913       0x44 ./Core/Startup/startup_stm32u083mctx.o
                                 0xcf (size before relaxing)
 .debug_str     0x000b8957      0x55b ./Drivers/STM32U0xx_HAL_Driver/Src/stm32u0xx_hal.o
                              0xb243e (size before relaxing)
 .debug_str     0x000b8eb2      0x312 ./Drivers/STM32U0xx_HAL_Driver/Src/stm32u0xx_hal_comp.o
                              0xb1fee (size before relaxing)
 .debug_str     0x000b91c4      0x266 ./Drivers/STM32U0xx_HAL_Driver/Src/stm32u0xx_hal_cortex.o
                              0xb2091 (size before relaxing)
 .debug_str     0x000b942a      0x13a ./Drivers/STM32U0xx_HAL_Driver/Src/stm32u0xx_hal_gpio.o
                              0xb1cac (size before relaxing)
 .debug_str     0x000b9564       0xc3 ./Drivers/STM32U0xx_HAL_Driver/Src/stm32u0xx_hal_lcd.o
                              0xb1d32 (size before relaxing)
 .debug_str     0x000b9627      0x784 ./Drivers/STM32U0xx_HAL_Driver/Src/stm32u0xx_hal_lptim.o
                              0xb2901 (size before relaxing)
 .debug_str     0x000b9dab      0x2e8 ./Drivers/STM32U0xx_HAL_Driver/Src/stm32u0xx_hal_pwr.o
                              0xb1f33 (size before relaxing)
 .debug_str     0x000ba093      0x3b0 ./Drivers/STM32U0xx_HAL_Driver/Src/stm32u0xx_hal_pwr_ex.o
                              0xb211f (size before relaxing)
 .debug_str     0x000ba443      0x47c ./Drivers/STM32U0xx_HAL_Driver/Src/stm32u0xx_hal_rcc.o
                              0xb23d5 (size before relaxing)
 .debug_str     0x000ba8bf      0x4de ./Drivers/STM32U0xx_HAL_Driver/Src/stm32u0xx_hal_rcc_ex.o
                              0xb249f (size before relaxing)
 .debug_str     0x000bad9d      0x3aa ./Drivers/STM32U0xx_HAL_Driver/Src/stm32u0xx_hal_rtc.o
                              0xb2092 (size before relaxing)
 .debug_str     0x000bb147      0x7b6 ./Drivers/STM32U0xx_HAL_Driver/Src/stm32u0xx_hal_rtc_ex.o
                              0xb261c (size before relaxing)

.comment        0x00000000       0x43
 .comment       0x00000000       0x43 ./Core/Src/main.o
                                 0x44 (size before relaxing)
 .comment       0x00000043       0x44 ./Core/Src/stm32u083c_discovery_glass_lcd.o
 .comment       0x00000043       0x44 ./Core/Src/stm32u0xx_hal_msp.o
 .comment       0x00000043       0x44 ./Core/Src/stm32u0xx_it.o
 .comment       0x00000043       0x44 ./Core/Src/system_stm32u0xx.o
 .comment       0x00000043       0x44 ./Drivers/STM32U0xx_HAL_Driver/Src/stm32u0xx_hal.o
 .comment       0x00000043       0x44 ./Drivers/STM32U0xx_HAL_Driver/Src/stm32u0xx_hal_comp.o
 .comment       0x00000043       0x44 ./Drivers/STM32U0xx_HAL_Driver/Src/stm32u0xx_hal_cortex.o
 .comment       0x00000043       0x44 ./Drivers/STM32U0xx_HAL_Driver/Src/stm32u0xx_hal_gpio.o
 .comment       0x00000043       0x44 ./Drivers/STM32U0xx_HAL_Driver/Src/stm32u0xx_hal_lcd.o
 .comment       0x00000043       0x44 ./Drivers/STM32U0xx_HAL_Driver/Src/stm32u0xx_hal_lptim.o
 .comment       0x00000043       0x44 ./Drivers/STM32U0xx_HAL_Driver/Src/stm32u0xx_hal_pwr.o
 .comment       0x00000043       0x44 ./Drivers/STM32U0xx_HAL_Driver/Src/stm32u0xx_hal_pwr_ex.o
 .comment       0x00000043       0x44 ./Drivers/STM32U0xx_HAL_Driver/Src/stm32u0xx_hal_rcc.o
 .comment       0x00000043       0x44 ./Drivers/STM32U0xx_HAL_Driver/Src/stm32u0xx_hal_rcc_ex.o
 .comment       0x00000043       0x44 ./Drivers/STM32U0xx_HAL_Driver/Src/stm32u0xx_hal_rtc.o
 .comment       0x00000043       0x44 ./Drivers/STM32U0xx_HAL_Driver/Src/stm32u0xx_hal_rtc_ex.o

.debug_frame    0x00000000     0x2108
 .debug_frame   0x00000000       0xc0 ./Core/Src/main.o
 .debug_frame   0x000000c0      0x198 ./Core/Src/stm32u083c_discovery_glass_lcd.o
 .debug_frame   0x00000258       0xc0 ./Core/Src/stm32u0xx_hal_msp.o
 .debug_frame   0x00000318       0x98 ./Core/Src/stm32u0xx_it.o
 .debug_frame   0x000003b0       0x38 ./Core/Src/system_stm32u0xx.o
 .debug_frame   0x000003e8      0x2cc ./Drivers/STM32U0xx_HAL_Driver/Src/stm32u0xx_hal.o
 .debug_frame   0x000006b4      0x110 ./Drivers/STM32U0xx_HAL_Driver/Src/stm32u0xx_hal_comp.o
 .debug_frame   0x000007c4      0x130 ./Drivers/STM32U0xx_HAL_Driver/Src/stm32u0xx_hal_cortex.o
 .debug_frame   0x000008f4       0xe4 ./Drivers/STM32U0xx_HAL_Driver/Src/stm32u0xx_hal_gpio.o
 .debug_frame   0x000009d8      0x114 ./Drivers/STM32U0xx_HAL_Driver/Src/stm32u0xx_hal_lcd.o
 .debug_frame   0x00000aec      0x608 ./Drivers/STM32U0xx_HAL_Driver/Src/stm32u0xx_hal_lptim.o
 .debug_frame   0x000010f4      0x138 ./Drivers/STM32U0xx_HAL_Driver/Src/stm32u0xx_hal_pwr.o
 .debug_frame   0x0000122c      0x264 ./Drivers/STM32U0xx_HAL_Driver/Src/stm32u0xx_hal_pwr_ex.o
 .debug_frame   0x00001490      0x188 ./Drivers/STM32U0xx_HAL_Driver/Src/stm32u0xx_hal_rcc.o
 .debug_frame   0x00001618      0x25c ./Drivers/STM32U0xx_HAL_Driver/Src/stm32u0xx_hal_rcc_ex.o
 .debug_frame   0x00001874      0x2bc ./Drivers/STM32U0xx_HAL_Driver/Src/stm32u0xx_hal_rtc.o
 .debug_frame   0x00001b30      0x54c ./Drivers/STM32U0xx_HAL_Driver/Src/stm32u0xx_hal_rtc_ex.o
 .debug_frame   0x0000207c       0x20 C:/ST/STM32CubeIDE_1.15.0/STM32CubeIDE/plugins/com.st.stm32cube.ide.mcu.externaltools.gnu-tools-for-stm32.12.3.rel1.win32_1.0.100.202403111256/tools/bin/../lib/gcc/arm-none-eabi/12.3.1/../../../../arm-none-eabi/lib/thumb/v6-m/nofp\libc_nano.a(libc_a-memset.o)
 .debug_frame   0x0000209c       0x2c C:/ST/STM32CubeIDE_1.15.0/STM32CubeIDE/plugins/com.st.stm32cube.ide.mcu.externaltools.gnu-tools-for-stm32.12.3.rel1.win32_1.0.100.202403111256/tools/bin/../lib/gcc/arm-none-eabi/12.3.1/../../../../arm-none-eabi/lib/thumb/v6-m/nofp\libc_nano.a(libc_a-init.o)
 .debug_frame   0x000020c8       0x20 C:/ST/STM32CubeIDE_1.15.0/STM32CubeIDE/plugins/com.st.stm32cube.ide.mcu.externaltools.gnu-tools-for-stm32.12.3.rel1.win32_1.0.100.202403111256/tools/bin/../lib/gcc/arm-none-eabi/12.3.1/thumb/v6-m/nofp\libgcc.a(_udivsi3.o)
 .debug_frame   0x000020e8       0x20 C:/ST/STM32CubeIDE_1.15.0/STM32CubeIDE/plugins/com.st.stm32cube.ide.mcu.externaltools.gnu-tools-for-stm32.12.3.rel1.win32_1.0.100.202403111256/tools/bin/../lib/gcc/arm-none-eabi/12.3.1/thumb/v6-m/nofp\libgcc.a(_divsi3.o)

.debug_line_str
                0x00000000       0xb3
 .debug_line_str
                0x00000000       0xb3 ./Core/Startup/startup_stm32u083mctx.o
