../Core/Src/stm32u083c_discovery_glass_lcd.c:848:13:WriteChar.isra	32	static
../Core/Src/stm32u083c_discovery_glass_lcd.c:155:6:BSP_LCD_GLASS_Init	224	static
../Core/Src/stm32u083c_discovery_glass_lcd.c:186:6:BSP_LCD_GLASS_DeInit	32	static
../Core/Src/stm32u083c_discovery_glass_lcd.c:215:6:BSP_LCD_GLASS_BlinkConfig	16	static
../Core/Src/stm32u083c_discovery_glass_lcd.c:234:6:BSP_LCD_GLASS_Contrast	8	static
../Core/Src/stm32u083c_discovery_glass_lcd.c:249:6:BSP_LCD_GLASS_DisplayBar	16	static
../Core/Src/stm32u083c_discovery_glass_lcd.c:303:6:BSP_LCD_GLASS_ClearBar	24	static
../Core/Src/stm32u083c_discovery_glass_lcd.c:358:6:BSP_LCD_GLASS_BarLevelConfig	8	static
../Core/Src/stm32u083c_discovery_glass_lcd.c:454:6:BSP_LCD_GLASS_DisplayChar	8	static
../Core/Src/stm32u083c_discovery_glass_lcd.c:468:6:BSP_LCD_GLASS_DisplayString	16	static
../Core/Src/stm32u083c_discovery_glass_lcd.c:494:6:BSP_LCD_GLASS_DisplayStrDeci	24	static
../Core/Src/stm32u083c_discovery_glass_lcd.c:531:6:BSP_LCD_GLASS_Clear	8	static
../Core/Src/stm32u083c_discovery_glass_lcd.c:546:6:BSP_LCD_GLASS_ScrollSentence	64	static
