../Drivers/STM32U0xx_HAL_Driver/Src/stm32u0xx_hal_rcc_ex.c:114:19:HAL_RCCEx_PeriphCLKConfig	40	static
../Drivers/STM32U0xx_HAL_Driver/Src/stm32u0xx_hal_rcc_ex.c:380:6:HAL_RCCEx_GetPeriphCLKConfig	12	static
../Drivers/STM32U0xx_HAL_Driver/Src/stm32u0xx_hal_rcc_ex.c:1066:6:HAL_RCCEx_GetPLLClockFreq	16	static
../Drivers/STM32U0xx_HAL_Driver/Src/stm32u0xx_hal_rcc_ex.c:478:10:HAL_RCCEx_GetPeriphCLKFreq	24	static
../Drivers/STM32U0xx_HAL_Driver/Src/stm32u0xx_hal_rcc_ex.c:1139:19:HAL_RCCEx_EnablePLL	24	static
../Drivers/STM32U0xx_HAL_Driver/Src/stm32u0xx_hal_rcc_ex.c:1209:19:HAL_RCCEx_DisablePLL	16	static
../Drivers/STM32U0xx_HAL_Driver/Src/stm32u0xx_hal_rcc_ex.c:1246:6:HAL_RCCEx_WakeUpStopCLKConfig	0	static
../Drivers/STM32U0xx_HAL_Driver/Src/stm32u0xx_hal_rcc_ex.c:1264:6:HAL_RCCEx_StandbyMSIRangeConfig	8	static
../Drivers/STM32U0xx_HAL_Driver/Src/stm32u0xx_hal_rcc_ex.c:1277:6:HAL_RCCEx_EnableMSIPLLMode	0	static
../Drivers/STM32U0xx_HAL_Driver/Src/stm32u0xx_hal_rcc_ex.c:1287:6:HAL_RCCEx_DisableMSIPLLMode	0	static
../Drivers/STM32U0xx_HAL_Driver/Src/stm32u0xx_hal_rcc_ex.c:1296:6:HAL_RCCEx_EnableLSECSS	0	static
../Drivers/STM32U0xx_HAL_Driver/Src/stm32u0xx_hal_rcc_ex.c:1308:6:HAL_RCCEx_DisableLSECSS	0	static
../Drivers/STM32U0xx_HAL_Driver/Src/stm32u0xx_hal_rcc_ex.c:1319:6:HAL_RCCEx_EnableLSECSS_IT	0	static
../Drivers/STM32U0xx_HAL_Driver/Src/stm32u0xx_hal_rcc_ex.c:1351:13:HAL_RCCEx_LSECSS_Callback	0	static
../Drivers/STM32U0xx_HAL_Driver/Src/stm32u0xx_hal_rcc_ex.c:1334:6:HAL_RCCEx_LSECSS_IRQHandler	16	static
../Drivers/STM32U0xx_HAL_Driver/Src/stm32u0xx_hal_rcc_ex.c:1366:6:HAL_RCCEx_EnableLSCO	48	static
../Drivers/STM32U0xx_HAL_Driver/Src/stm32u0xx_hal_rcc_ex.c:1413:6:HAL_RCCEx_DisableLSCO	16	static
../Drivers/STM32U0xx_HAL_Driver/Src/stm32u0xx_hal_rcc_ex.c:1520:6:HAL_RCCEx_CRSConfig	0	static
../Drivers/STM32U0xx_HAL_Driver/Src/stm32u0xx_hal_rcc_ex.c:1562:6:HAL_RCCEx_CRSSoftwareSynchronizationGenerate	0	static
../Drivers/STM32U0xx_HAL_Driver/Src/stm32u0xx_hal_rcc_ex.c:1572:6:HAL_RCCEx_CRSGetSynchronizationInfo	0	static
../Drivers/STM32U0xx_HAL_Driver/Src/stm32u0xx_hal_rcc_ex.c:1605:10:HAL_RCCEx_CRSWaitSynchronization	32	static
../Drivers/STM32U0xx_HAL_Driver/Src/stm32u0xx_hal_rcc_ex.c:1753:13:HAL_RCCEx_CRS_SyncOkCallback	0	static
../Drivers/STM32U0xx_HAL_Driver/Src/stm32u0xx_hal_rcc_ex.c:1764:13:HAL_RCCEx_CRS_SyncWarnCallback	0	static
../Drivers/STM32U0xx_HAL_Driver/Src/stm32u0xx_hal_rcc_ex.c:1775:13:HAL_RCCEx_CRS_ExpectedSyncCallback	0	static
../Drivers/STM32U0xx_HAL_Driver/Src/stm32u0xx_hal_rcc_ex.c:1791:13:HAL_RCCEx_CRS_ErrorCallback	0	static
../Drivers/STM32U0xx_HAL_Driver/Src/stm32u0xx_hal_rcc_ex.c:1688:6:HAL_RCCEx_CRS_IRQHandler	8	static
