../Drivers/STM32U0xx_HAL_Driver/Src/stm32u0xx_hal_cortex.c:130:6:HAL_NVIC_SetPriority	8	static
../Drivers/STM32U0xx_HAL_Driver/Src/stm32u0xx_hal_cortex.c:147:6:HAL_NVIC_EnableIRQ	0	static,ignoring_inline_asm
../Drivers/STM32U0xx_HAL_Driver/Src/stm32u0xx_hal_cortex.c:164:6:HAL_NVIC_DisableIRQ	0	static,ignoring_inline_asm
../Drivers/STM32U0xx_HAL_Driver/Src/stm32u0xx_hal_cortex.c:177:6:HAL_NVIC_SystemReset	0	static,ignoring_inline_asm
../Drivers/STM32U0xx_HAL_Driver/Src/stm32u0xx_hal_cortex.c:190:10:HAL_SYSTICK_Config	0	static
../Drivers/STM32U0xx_HAL_Driver/Src/stm32u0xx_hal_cortex.c:222:10:HAL_NVIC_GetPriority	0	static
../Drivers/STM32U0xx_HAL_Driver/Src/stm32u0xx_hal_cortex.c:236:6:HAL_NVIC_SetPendingIRQ	0	static
../Drivers/STM32U0xx_HAL_Driver/Src/stm32u0xx_hal_cortex.c:255:10:HAL_NVIC_GetPendingIRQ	0	static
../Drivers/STM32U0xx_HAL_Driver/Src/stm32u0xx_hal_cortex.c:272:6:HAL_NVIC_ClearPendingIRQ	0	static
../Drivers/STM32U0xx_HAL_Driver/Src/stm32u0xx_hal_cortex.c:289:6:HAL_SYSTICK_CLKSourceConfig	0	static
../Drivers/STM32U0xx_HAL_Driver/Src/stm32u0xx_hal_cortex.c:316:13:HAL_SYSTICK_Callback	0	static
../Drivers/STM32U0xx_HAL_Driver/Src/stm32u0xx_hal_cortex.c:307:6:HAL_SYSTICK_IRQHandler	8	static
../Drivers/STM32U0xx_HAL_Driver/Src/stm32u0xx_hal_cortex.c:335:6:HAL_MPU_Enable	0	static,ignoring_inline_asm
../Drivers/STM32U0xx_HAL_Driver/Src/stm32u0xx_hal_cortex.c:349:6:HAL_MPU_Disable	0	static,ignoring_inline_asm
../Drivers/STM32U0xx_HAL_Driver/Src/stm32u0xx_hal_cortex.c:362:6:HAL_MPU_EnableRegion	0	static
../Drivers/STM32U0xx_HAL_Driver/Src/stm32u0xx_hal_cortex.c:378:6:HAL_MPU_DisableRegion	0	static
../Drivers/STM32U0xx_HAL_Driver/Src/stm32u0xx_hal_cortex.c:396:6:HAL_MPU_ConfigRegion	0	static
