../Drivers/STM32U0xx_HAL_Driver/Src/stm32u0xx_hal_rtc_ex.c:172:19:HAL_RTCEx_SetTimeStamp	16	static
../Drivers/STM32U0xx_HAL_Driver/Src/stm32u0xx_hal_rtc_ex.c:217:19:HAL_RTCEx_SetTimeStamp_IT	20	static
../Drivers/STM32U0xx_HAL_Driver/Src/stm32u0xx_hal_rtc_ex.c:254:19:HAL_RTCEx_DeactivateTimeStamp	12	static
../Drivers/STM32U0xx_HAL_Driver/Src/stm32u0xx_hal_rtc_ex.c:278:19:HAL_RTCEx_SetInternalTimeStamp	12	static
../Drivers/STM32U0xx_HAL_Driver/Src/stm32u0xx_hal_rtc_ex.c:302:19:HAL_RTCEx_DeactivateInternalTimeStamp	12	static
../Drivers/STM32U0xx_HAL_Driver/Src/stm32u0xx_hal_rtc_ex.c:334:19:HAL_RTCEx_GetTimeStamp	24	static
../Drivers/STM32U0xx_HAL_Driver/Src/stm32u0xx_hal_rtc_ex.c:415:13:HAL_RTCEx_TimeStampEventCallback	0	static
../Drivers/STM32U0xx_HAL_Driver/Src/stm32u0xx_hal_rtc_ex.c:390:6:HAL_RTCEx_TimeStampIRQHandler	16	static
../Drivers/STM32U0xx_HAL_Driver/Src/stm32u0xx_hal_rtc_ex.c:432:19:HAL_RTCEx_PollForTimeStampEvent	32	static
../Drivers/STM32U0xx_HAL_Driver/Src/stm32u0xx_hal_rtc_ex.c:490:19:HAL_RTCEx_SetWakeUpTimer	32	static
../Drivers/STM32U0xx_HAL_Driver/Src/stm32u0xx_hal_rtc_ex.c:575:19:HAL_RTCEx_SetWakeUpTimer_IT	40	static
../Drivers/STM32U0xx_HAL_Driver/Src/stm32u0xx_hal_rtc_ex.c:669:19:HAL_RTCEx_DeactivateWakeUpTimer	12	static
../Drivers/STM32U0xx_HAL_Driver/Src/stm32u0xx_hal_rtc_ex.c:696:10:HAL_RTCEx_GetWakeUpTimer	0	static
../Drivers/STM32U0xx_HAL_Driver/Src/stm32u0xx_hal_rtc_ex.c:734:13:HAL_RTCEx_WakeUpTimerEventCallback	0	static
../Drivers/STM32U0xx_HAL_Driver/Src/stm32u0xx_hal_rtc_ex.c:708:6:HAL_RTCEx_WakeUpTimerIRQHandler	8	static
../Drivers/STM32U0xx_HAL_Driver/Src/stm32u0xx_hal_rtc_ex.c:751:19:HAL_RTCEx_PollForWakeUpTimerEvent	24	static
../Drivers/STM32U0xx_HAL_Driver/Src/stm32u0xx_hal_rtc_ex.c:828:19:HAL_RTCEx_SetSmoothCalib	40	static
../Drivers/STM32U0xx_HAL_Driver/Src/stm32u0xx_hal_rtc_ex.c:892:19:HAL_RTCEx_SetLowPowerCalib	16	static
../Drivers/STM32U0xx_HAL_Driver/Src/stm32u0xx_hal_rtc_ex.c:932:19:HAL_RTCEx_SetSynchroShift	32	static
../Drivers/STM32U0xx_HAL_Driver/Src/stm32u0xx_hal_rtc_ex.c:1021:19:HAL_RTCEx_SetCalibrationOutPut	16	static
../Drivers/STM32U0xx_HAL_Driver/Src/stm32u0xx_hal_rtc_ex.c:1051:19:HAL_RTCEx_DeactivateCalibrationOutPut	12	static
../Drivers/STM32U0xx_HAL_Driver/Src/stm32u0xx_hal_rtc_ex.c:1075:19:HAL_RTCEx_SetRefClock	24	static
../Drivers/STM32U0xx_HAL_Driver/Src/stm32u0xx_hal_rtc_ex.c:1125:19:HAL_RTCEx_DeactivateRefClock	24	static
../Drivers/STM32U0xx_HAL_Driver/Src/stm32u0xx_hal_rtc_ex.c:1177:19:HAL_RTCEx_EnableBypassShadow	12	static
../Drivers/STM32U0xx_HAL_Driver/Src/stm32u0xx_hal_rtc_ex.c:1203:19:HAL_RTCEx_DisableBypassShadow	12	static
../Drivers/STM32U0xx_HAL_Driver/Src/stm32u0xx_hal_rtc_ex.c:1227:19:HAL_RTCEx_SetSSRU_IT	16	static
../Drivers/STM32U0xx_HAL_Driver/Src/stm32u0xx_hal_rtc_ex.c:1253:19:HAL_RTCEx_DeactivateSSRU	12	static
../Drivers/STM32U0xx_HAL_Driver/Src/stm32u0xx_hal_rtc_ex.c:1301:13:HAL_RTCEx_SSRUEventCallback	0	static
../Drivers/STM32U0xx_HAL_Driver/Src/stm32u0xx_hal_rtc_ex.c:1276:6:HAL_RTCEx_SSRUIRQHandler	8	static
../Drivers/STM32U0xx_HAL_Driver/Src/stm32u0xx_hal_rtc_ex.c:1335:13:HAL_RTCEx_AlarmBEventCallback	0	static
../Drivers/STM32U0xx_HAL_Driver/Src/stm32u0xx_hal_rtc_ex.c:1351:19:HAL_RTCEx_PollForAlarmBEvent	24	static
../Drivers/STM32U0xx_HAL_Driver/Src/stm32u0xx_hal_rtc_ex.c:1414:19:HAL_RTCEx_SetTamper	16	static
../Drivers/STM32U0xx_HAL_Driver/Src/stm32u0xx_hal_rtc_ex.c:1484:19:HAL_RTCEx_SetTamper_IT	12	static
../Drivers/STM32U0xx_HAL_Driver/Src/stm32u0xx_hal_rtc_ex.c:1565:19:HAL_RTCEx_DeactivateTamper	8	static
../Drivers/STM32U0xx_HAL_Driver/Src/stm32u0xx_hal_rtc_ex.c:1599:19:HAL_RTCEx_PollForTamperEvent	24	static
../Drivers/STM32U0xx_HAL_Driver/Src/stm32u0xx_hal_rtc_ex.c:1630:19:HAL_RTCEx_SetInternalTamper	8	static
../Drivers/STM32U0xx_HAL_Driver/Src/stm32u0xx_hal_rtc_ex.c:1665:19:HAL_RTCEx_SetInternalTamper_IT	8	static
../Drivers/STM32U0xx_HAL_Driver/Src/stm32u0xx_hal_rtc_ex.c:1706:19:HAL_RTCEx_DeactivateInternalTamper	0	static
../Drivers/STM32U0xx_HAL_Driver/Src/stm32u0xx_hal_rtc_ex.c:1732:19:HAL_RTCEx_PollForInternalTamperEvent	24	static
../Drivers/STM32U0xx_HAL_Driver/Src/stm32u0xx_hal_rtc_ex.c:1883:13:HAL_RTCEx_Tamper1EventCallback	0	static
../Drivers/STM32U0xx_HAL_Driver/Src/stm32u0xx_hal_rtc_ex.c:1899:13:HAL_RTCEx_Tamper2EventCallback	0	static
../Drivers/STM32U0xx_HAL_Driver/Src/stm32u0xx_hal_rtc_ex.c:1914:13:HAL_RTCEx_Tamper3EventCallback	0	static
../Drivers/STM32U0xx_HAL_Driver/Src/stm32u0xx_hal_rtc_ex.c:1929:13:HAL_RTCEx_Tamper4EventCallback	0	static
../Drivers/STM32U0xx_HAL_Driver/Src/stm32u0xx_hal_rtc_ex.c:1944:13:HAL_RTCEx_Tamper5EventCallback	0	static
../Drivers/STM32U0xx_HAL_Driver/Src/stm32u0xx_hal_rtc_ex.c:1959:13:HAL_RTCEx_InternalTamper3EventCallback	0	static
../Drivers/STM32U0xx_HAL_Driver/Src/stm32u0xx_hal_rtc_ex.c:1974:13:HAL_RTCEx_InternalTamper4EventCallback	0	static
../Drivers/STM32U0xx_HAL_Driver/Src/stm32u0xx_hal_rtc_ex.c:1989:13:HAL_RTCEx_InternalTamper5EventCallback	0	static
../Drivers/STM32U0xx_HAL_Driver/Src/stm32u0xx_hal_rtc_ex.c:2004:13:HAL_RTCEx_InternalTamper6EventCallback	0	static
../Drivers/STM32U0xx_HAL_Driver/Src/stm32u0xx_hal_rtc_ex.c:1762:6:HAL_RTCEx_TamperIRQHandler	16	static
../Drivers/STM32U0xx_HAL_Driver/Src/stm32u0xx_hal_rtc_ex.c:2047:6:HAL_RTCEx_BKUPWrite	0	static
../Drivers/STM32U0xx_HAL_Driver/Src/stm32u0xx_hal_rtc_ex.c:2070:10:HAL_RTCEx_BKUPRead	0	static
../Drivers/STM32U0xx_HAL_Driver/Src/stm32u0xx_hal_rtc_ex.c:2090:7:HAL_RTCEx_BKUPErase	0	static
