../Drivers/STM32U0xx_HAL_Driver/Src/stm32u0xx_hal_dma.c:152:19:HAL_DMA_Init	24	static
../Drivers/STM32U0xx_HAL_Driver/Src/stm32u0xx_hal_dma.c:262:19:HAL_DMA_DeInit	24	static
../Drivers/STM32U0xx_HAL_Driver/Src/stm32u0xx_hal_dma.c:388:19:HAL_DMA_Start	20	static
../Drivers/STM32U0xx_HAL_Driver/Src/stm32u0xx_hal_dma.c:439:19:HAL_DMA_Start_IT	20	static
../Drivers/STM32U0xx_HAL_Driver/Src/stm32u0xx_hal_dma.c:513:19:HAL_DMA_Abort	12	static
../Drivers/STM32U0xx_HAL_Driver/Src/stm32u0xx_hal_dma.c:578:19:HAL_DMA_Abort_IT	16	static
../Drivers/STM32U0xx_HAL_Driver/Src/stm32u0xx_hal_dma.c:643:19:HAL_DMA_PollForTransfer	32	static
../Drivers/STM32U0xx_HAL_Driver/Src/stm32u0xx_hal_dma.c:803:6:HAL_DMA_IRQHandler	24	static
../Drivers/STM32U0xx_HAL_Driver/Src/stm32u0xx_hal_dma.c:906:19:HAL_DMA_RegisterCallback	8	static
../Drivers/STM32U0xx_HAL_Driver/Src/stm32u0xx_hal_dma.c:958:19:HAL_DMA_UnRegisterCallback	0	static
../Drivers/STM32U0xx_HAL_Driver/Src/stm32u0xx_hal_dma.c:1034:22:HAL_DMA_GetState	0	static
../Drivers/STM32U0xx_HAL_Driver/Src/stm32u0xx_hal_dma.c:1046:10:HAL_DMA_GetError	0	static
