../Drivers/STM32U0xx_HAL_Driver/Src/stm32u0xx_hal_exti.c:136:19:HAL_EXTI_SetConfigLine	28	static
../Drivers/STM32U0xx_HAL_Driver/Src/stm32u0xx_hal_exti.c:257:19:HAL_EXTI_GetConfigLine	20	static
../Drivers/STM32U0xx_HAL_Driver/Src/stm32u0xx_hal_exti.c:354:19:HAL_EXTI_ClearConfigLine	24	static
../Drivers/STM32U0xx_HAL_Driver/Src/stm32u0xx_hal_exti.c:417:19:HAL_EXTI_RegisterCallback	0	static
../Drivers/STM32U0xx_HAL_Driver/Src/stm32u0xx_hal_exti.c:452:19:HAL_EXTI_GetHandle	0	static
../Drivers/STM32U0xx_HAL_Driver/Src/stm32u0xx_hal_exti.c:492:6:HAL_EXTI_IRQHandler	16	static
../Drivers/STM32U0xx_HAL_Driver/Src/stm32u0xx_hal_exti.c:545:10:HAL_EXTI_GetPending	8	static
../Drivers/STM32U0xx_HAL_Driver/Src/stm32u0xx_hal_exti.c:587:6:HAL_EXTI_ClearPending	8	static
../Drivers/STM32U0xx_HAL_Driver/Src/stm32u0xx_hal_exti.c:622:6:HAL_EXTI_GenerateSWI	0	static
