../Drivers/STM32U0xx_HAL_Driver/Src/stm32u0xx_hal_pwr_ex.c:192:19:HAL_PWREx_ControlVoltageScaling	8	static
../Drivers/STM32U0xx_HAL_Driver/Src/stm32u0xx_hal_pwr_ex.c:233:10:HAL_PWREx_GetVoltageRange	0	static
../Drivers/STM32U0xx_HAL_Driver/Src/stm32u0xx_hal_pwr_ex.c:355:6:HAL_PWREx_EnableLowPowerRunMode	0	static
../Drivers/STM32U0xx_HAL_Driver/Src/stm32u0xx_hal_pwr_ex.c:369:19:HAL_PWREx_DisableLowPowerRunMode	8	static
../Drivers/STM32U0xx_HAL_Driver/Src/stm32u0xx_hal_pwr_ex.c:411:6:HAL_PWREx_EnterSTOP1Mode	0	static,ignoring_inline_asm
../Drivers/STM32U0xx_HAL_Driver/Src/stm32u0xx_hal_pwr_ex.c:462:6:HAL_PWREx_EnterSTOP2Mode	0	static,ignoring_inline_asm
../Drivers/STM32U0xx_HAL_Driver/Src/stm32u0xx_hal_pwr_ex.c:564:6:HAL_PWREx_EnablePVM1	0	static
../Drivers/STM32U0xx_HAL_Driver/Src/stm32u0xx_hal_pwr_ex.c:573:6:HAL_PWREx_DisablePVM1	0	static
../Drivers/STM32U0xx_HAL_Driver/Src/stm32u0xx_hal_pwr_ex.c:582:6:HAL_PWREx_EnablePVM3	0	static
../Drivers/STM32U0xx_HAL_Driver/Src/stm32u0xx_hal_pwr_ex.c:591:6:HAL_PWREx_DisablePVM3	0	static
../Drivers/STM32U0xx_HAL_Driver/Src/stm32u0xx_hal_pwr_ex.c:600:6:HAL_PWREx_EnablePVM4	0	static
../Drivers/STM32U0xx_HAL_Driver/Src/stm32u0xx_hal_pwr_ex.c:609:6:HAL_PWREx_DisablePVM4	0	static
../Drivers/STM32U0xx_HAL_Driver/Src/stm32u0xx_hal_pwr_ex.c:626:19:HAL_PWREx_ConfigPVM	8	static
../Drivers/STM32U0xx_HAL_Driver/Src/stm32u0xx_hal_pwr_ex.c:746:6:HAL_PWREx_EnableVddUSB	0	static
../Drivers/STM32U0xx_HAL_Driver/Src/stm32u0xx_hal_pwr_ex.c:755:6:HAL_PWREx_DisableVddUSB	0	static
../Drivers/STM32U0xx_HAL_Driver/Src/stm32u0xx_hal_pwr_ex.c:770:6:HAL_PWREx_EnableBatteryCharging	0	static
../Drivers/STM32U0xx_HAL_Driver/Src/stm32u0xx_hal_pwr_ex.c:785:6:HAL_PWREx_DisableBatteryCharging	0	static
../Drivers/STM32U0xx_HAL_Driver/Src/stm32u0xx_hal_pwr_ex.c:897:13:HAL_PWREx_PVM1_Callback	0	static
../Drivers/STM32U0xx_HAL_Driver/Src/stm32u0xx_hal_pwr_ex.c:909:13:HAL_PWREx_PVM3_Callback	0	static
../Drivers/STM32U0xx_HAL_Driver/Src/stm32u0xx_hal_pwr_ex.c:920:13:HAL_PWREx_PVM4_Callback	0	static
../Drivers/STM32U0xx_HAL_Driver/Src/stm32u0xx_hal_pwr_ex.c:794:6:HAL_PWREx_PVD_PVM_IRQHandler	16	static
../Drivers/STM32U0xx_HAL_Driver/Src/stm32u0xx_hal_pwr_ex.c:931:6:HAL_PWREx_EnableInternalWakeUpLine	0	static
../Drivers/STM32U0xx_HAL_Driver/Src/stm32u0xx_hal_pwr_ex.c:940:6:HAL_PWREx_DisableInternalWakeUpLine	0	static
../Drivers/STM32U0xx_HAL_Driver/Src/stm32u0xx_hal_pwr_ex.c:969:6:HAL_PWREx_EnableSRAMContentRetention	0	static
../Drivers/STM32U0xx_HAL_Driver/Src/stm32u0xx_hal_pwr_ex.c:978:6:HAL_PWREx_DisableSRAMContentRetention	0	static
../Drivers/STM32U0xx_HAL_Driver/Src/stm32u0xx_hal_pwr_ex.c:993:6:HAL_PWREx_EnableFlashPowerDown	0	static
../Drivers/STM32U0xx_HAL_Driver/Src/stm32u0xx_hal_pwr_ex.c:1010:6:HAL_PWREx_DisableFlashPowerDown	0	static
../Drivers/STM32U0xx_HAL_Driver/Src/stm32u0xx_hal_pwr_ex.c:1022:6:HAL_PWREx_EnableUltraLowPowerMode	0	static
../Drivers/STM32U0xx_HAL_Driver/Src/stm32u0xx_hal_pwr_ex.c:1032:6:HAL_PWREx_DisableUltraLowPowerMode	0	static
../Drivers/STM32U0xx_HAL_Driver/Src/stm32u0xx_hal_pwr_ex.c:1076:6:HAL_PWREx_EnablePullUpPullDownConfig	0	static
../Drivers/STM32U0xx_HAL_Driver/Src/stm32u0xx_hal_pwr_ex.c:1087:6:HAL_PWREx_DisablePullUpPullDownConfig	0	static
../Drivers/STM32U0xx_HAL_Driver/Src/stm32u0xx_hal_pwr_ex.c:1116:19:HAL_PWREx_EnableGPIOPullUp	0	static
../Drivers/STM32U0xx_HAL_Driver/Src/stm32u0xx_hal_pwr_ex.c:1180:19:HAL_PWREx_DisableGPIOPullUp	0	static
../Drivers/STM32U0xx_HAL_Driver/Src/stm32u0xx_hal_pwr_ex.c:1244:19:HAL_PWREx_EnableGPIOPullDown	0	static
../Drivers/STM32U0xx_HAL_Driver/Src/stm32u0xx_hal_pwr_ex.c:1308:19:HAL_PWREx_DisableGPIOPullDown	0	static
