../Drivers/STM32U0xx_HAL_Driver/Src/stm32u0xx_hal_pwr.c:94:6:HAL_PWR_DeInit	0	static
../Drivers/STM32U0xx_HAL_Driver/Src/stm32u0xx_hal_pwr.c:112:6:HAL_PWR_EnableBkUpAccess	0	static
../Drivers/STM32U0xx_HAL_Driver/Src/stm32u0xx_hal_pwr.c:122:6:HAL_PWR_DisableBkUpAccess	0	static
../Drivers/STM32U0xx_HAL_Driver/Src/stm32u0xx_hal_pwr.c:317:19:HAL_PWR_ConfigPVD	8	static
../Drivers/STM32U0xx_HAL_Driver/Src/stm32u0xx_hal_pwr.c:362:6:HAL_PWR_EnablePVD	0	static
../Drivers/STM32U0xx_HAL_Driver/Src/stm32u0xx_hal_pwr.c:371:6:HAL_PWR_DisablePVD	0	static
../Drivers/STM32U0xx_HAL_Driver/Src/stm32u0xx_hal_pwr.c:393:6:HAL_PWR_EnableWakeUpPin	0	static
../Drivers/STM32U0xx_HAL_Driver/Src/stm32u0xx_hal_pwr.c:412:6:HAL_PWR_DisableWakeUpPin	0	static
../Drivers/STM32U0xx_HAL_Driver/Src/stm32u0xx_hal_pwr.c:443:6:HAL_PWR_EnterSLEEPMode	8	static,ignoring_inline_asm
../Drivers/STM32U0xx_HAL_Driver/Src/stm32u0xx_hal_pwr.c:520:6:HAL_PWR_EnterSTOPMode	8	static,ignoring_inline_asm
../Drivers/STM32U0xx_HAL_Driver/Src/stm32u0xx_hal_pwr.c:567:6:HAL_PWR_EnterSTANDBYMode	0	static,ignoring_inline_asm
../Drivers/STM32U0xx_HAL_Driver/Src/stm32u0xx_hal_pwr.c:588:6:HAL_PWR_EnterSHUTDOWNMode	0	static,ignoring_inline_asm
../Drivers/STM32U0xx_HAL_Driver/Src/stm32u0xx_hal_pwr.c:614:6:HAL_PWR_EnableSleepOnExit	0	static
../Drivers/STM32U0xx_HAL_Driver/Src/stm32u0xx_hal_pwr.c:626:6:HAL_PWR_DisableSleepOnExit	0	static
../Drivers/STM32U0xx_HAL_Driver/Src/stm32u0xx_hal_pwr.c:638:6:HAL_PWR_EnableSEVOnPend	0	static
../Drivers/STM32U0xx_HAL_Driver/Src/stm32u0xx_hal_pwr.c:650:6:HAL_PWR_DisableSEVOnPend	0	static
../Drivers/STM32U0xx_HAL_Driver/Src/stm32u0xx_hal_pwr.c:660:13:HAL_PWR_PVDCallback	0	static
