../Drivers/STM32U0xx_HAL_Driver/Src/stm32u0xx_hal_rtc.c:754:13:HAL_RTC_MspInit	0	static
../Drivers/STM32U0xx_HAL_Driver/Src/stm32u0xx_hal_rtc.c:245:19:HAL_RTC_Init	24	static
../Drivers/STM32U0xx_HAL_Driver/Src/stm32u0xx_hal_rtc.c:769:13:HAL_RTC_MspDeInit	0	static
../Drivers/STM32U0xx_HAL_Driver/Src/stm32u0xx_hal_rtc.c:385:19:HAL_RTC_DeInit	24	static
../Drivers/STM32U0xx_HAL_Driver/Src/stm32u0xx_hal_rtc.c:813:19:HAL_RTC_SetTime	32	static
../Drivers/STM32U0xx_HAL_Driver/Src/stm32u0xx_hal_rtc.c:960:19:HAL_RTC_GetTime	24	static
../Drivers/STM32U0xx_HAL_Driver/Src/stm32u0xx_hal_rtc.c:1008:19:HAL_RTC_SetDate	32	static
../Drivers/STM32U0xx_HAL_Driver/Src/stm32u0xx_hal_rtc.c:1117:19:HAL_RTC_GetDate	16	static
../Drivers/STM32U0xx_HAL_Driver/Src/stm32u0xx_hal_rtc.c:1152:6:HAL_RTC_DST_Add1Hour	0	static
../Drivers/STM32U0xx_HAL_Driver/Src/stm32u0xx_hal_rtc.c:1167:6:HAL_RTC_DST_Sub1Hour	0	static
../Drivers/STM32U0xx_HAL_Driver/Src/stm32u0xx_hal_rtc.c:1182:6:HAL_RTC_DST_SetStoreOperation	0	static
../Drivers/STM32U0xx_HAL_Driver/Src/stm32u0xx_hal_rtc.c:1194:6:HAL_RTC_DST_ClearStoreOperation	0	static
../Drivers/STM32U0xx_HAL_Driver/Src/stm32u0xx_hal_rtc.c:1205:10:HAL_RTC_DST_ReadStoreOperation	0	static
../Drivers/STM32U0xx_HAL_Driver/Src/stm32u0xx_hal_rtc.c:1243:19:HAL_RTC_SetAlarm	28	static
../Drivers/STM32U0xx_HAL_Driver/Src/stm32u0xx_hal_rtc.c:1446:19:HAL_RTC_SetAlarm_IT	28	static
../Drivers/STM32U0xx_HAL_Driver/Src/stm32u0xx_hal_rtc.c:1645:19:HAL_RTC_DeactivateAlarm	0	static
../Drivers/STM32U0xx_HAL_Driver/Src/stm32u0xx_hal_rtc.c:1689:19:HAL_RTC_GetAlarm	32	static
../Drivers/STM32U0xx_HAL_Driver/Src/stm32u0xx_hal_rtc.c:1792:13:HAL_RTC_AlarmAEventCallback	0	static
../Drivers/STM32U0xx_HAL_Driver/Src/stm32u0xx_hal_rtc.c:1752:6:HAL_RTC_AlarmIRQHandler	16	static
../Drivers/STM32U0xx_HAL_Driver/Src/stm32u0xx_hal_rtc.c:1808:19:HAL_RTC_PollForAlarmAEvent	24	static
../Drivers/STM32U0xx_HAL_Driver/Src/stm32u0xx_hal_rtc.c:1866:19:HAL_RTC_WaitForSynchro	24	static
../Drivers/STM32U0xx_HAL_Driver/Src/stm32u0xx_hal_rtc.c:1911:21:HAL_RTC_GetState	0	static
../Drivers/STM32U0xx_HAL_Driver/Src/stm32u0xx_hal_rtc.c:1934:19:RTC_EnterInitMode	24	static
../Drivers/STM32U0xx_HAL_Driver/Src/stm32u0xx_hal_rtc.c:1964:19:RTC_ExitInitMode	24	static
../Drivers/STM32U0xx_HAL_Driver/Src/stm32u0xx_hal_rtc.c:2001:9:RTC_ByteToBcd2	0	static
../Drivers/STM32U0xx_HAL_Driver/Src/stm32u0xx_hal_rtc.c:2020:9:RTC_Bcd2ToByte	0	static
