../Drivers/STM32U0xx_HAL_Driver/Src/stm32u0xx_hal.c:204:13:HAL_MspInit	0	static
../Drivers/STM32U0xx_HAL_Driver/Src/stm32u0xx_hal.c:215:13:HAL_MspDeInit	0	static
../Drivers/STM32U0xx_HAL_Driver/Src/stm32u0xx_hal.c:179:19:HAL_DeInit	8	static
../Drivers/STM32U0xx_HAL_Driver/Src/stm32u0xx_hal.c:238:26:HAL_InitTick	16	static
../Drivers/STM32U0xx_HAL_Driver/Src/stm32u0xx_hal.c:142:19:HAL_Init	8	static
../Drivers/STM32U0xx_HAL_Driver/Src/stm32u0xx_hal.c:305:13:HAL_IncTick	0	static
../Drivers/STM32U0xx_HAL_Driver/Src/stm32u0xx_hal.c:316:17:HAL_GetTick	0	static
../Drivers/STM32U0xx_HAL_Driver/Src/stm32u0xx_hal.c:325:10:HAL_GetTickPrio	0	static
../Drivers/STM32U0xx_HAL_Driver/Src/stm32u0xx_hal.c:334:19:HAL_SetTickFreq	8	static
../Drivers/STM32U0xx_HAL_Driver/Src/stm32u0xx_hal.c:354:10:HAL_GetTickFreq	0	static
../Drivers/STM32U0xx_HAL_Driver/Src/stm32u0xx_hal.c:370:13:HAL_Delay	16	static
../Drivers/STM32U0xx_HAL_Driver/Src/stm32u0xx_hal.c:396:13:HAL_SuspendTick	0	static
../Drivers/STM32U0xx_HAL_Driver/Src/stm32u0xx_hal.c:412:13:HAL_ResumeTick	0	static
../Drivers/STM32U0xx_HAL_Driver/Src/stm32u0xx_hal.c:422:10:HAL_GetHalVersion	0	static
../Drivers/STM32U0xx_HAL_Driver/Src/stm32u0xx_hal.c:431:10:HAL_GetREVID	0	static
../Drivers/STM32U0xx_HAL_Driver/Src/stm32u0xx_hal.c:440:10:HAL_GetDEVID	0	static
../Drivers/STM32U0xx_HAL_Driver/Src/stm32u0xx_hal.c:449:10:HAL_GetUIDw0	0	static
../Drivers/STM32U0xx_HAL_Driver/Src/stm32u0xx_hal.c:458:10:HAL_GetUIDw1	0	static
../Drivers/STM32U0xx_HAL_Driver/Src/stm32u0xx_hal.c:467:10:HAL_GetUIDw2	0	static
../Drivers/STM32U0xx_HAL_Driver/Src/stm32u0xx_hal.c:494:6:HAL_DBGMCU_EnableDBGStopMode	0	static
../Drivers/STM32U0xx_HAL_Driver/Src/stm32u0xx_hal.c:503:6:HAL_DBGMCU_DisableDBGStopMode	0	static
../Drivers/STM32U0xx_HAL_Driver/Src/stm32u0xx_hal.c:512:6:HAL_DBGMCU_EnableDBGStandbyMode	0	static
../Drivers/STM32U0xx_HAL_Driver/Src/stm32u0xx_hal.c:521:6:HAL_DBGMCU_DisableDBGStandbyMode	0	static
../Drivers/STM32U0xx_HAL_Driver/Src/stm32u0xx_hal.c:557:6:HAL_SYSCFG_VREFBUF_VoltageScalingConfig	0	static
../Drivers/STM32U0xx_HAL_Driver/Src/stm32u0xx_hal.c:572:6:HAL_SYSCFG_VREFBUF_HighImpedanceConfig	0	static
../Drivers/STM32U0xx_HAL_Driver/Src/stm32u0xx_hal.c:584:6:HAL_SYSCFG_VREFBUF_TrimmingConfig	0	static
../Drivers/STM32U0xx_HAL_Driver/Src/stm32u0xx_hal.c:596:19:HAL_SYSCFG_EnableVREFBUF	16	static
../Drivers/STM32U0xx_HAL_Driver/Src/stm32u0xx_hal.c:622:6:HAL_SYSCFG_DisableVREFBUF	0	static
../Drivers/STM32U0xx_HAL_Driver/Src/stm32u0xx_hal.c:632:6:HAL_SYSCFG_EnableIOAnalogSwitchBooster	0	static
../Drivers/STM32U0xx_HAL_Driver/Src/stm32u0xx_hal.c:641:6:HAL_SYSCFG_DisableIOAnalogSwitchBooster	0	static
../Drivers/STM32U0xx_HAL_Driver/Src/stm32u0xx_hal.c:654:6:HAL_SYSCFG_EnableRemap	0	static
../Drivers/STM32U0xx_HAL_Driver/Src/stm32u0xx_hal.c:669:6:HAL_SYSCFG_DisableRemap	0	static
../Drivers/STM32U0xx_HAL_Driver/Src/stm32u0xx_hal.c:680:6:HAL_SYSCFG_EnableTSCComparatorMode	0	static
../Drivers/STM32U0xx_HAL_Driver/Src/stm32u0xx_hal.c:689:6:HAL_SYSCFG_DisableTSCComparatorMode	0	static
../Drivers/STM32U0xx_HAL_Driver/Src/stm32u0xx_hal.c:701:6:HAL_SYSCFG_SetTSCComparatorModeIO	0	static
../Drivers/STM32U0xx_HAL_Driver/Src/stm32u0xx_hal.c:716:10:HAL_SYSCFG_GetTSCComparatorModeIO	0	static
../Drivers/STM32U0xx_HAL_Driver/Src/stm32u0xx_hal.c:731:6:HAL_SYSCFG_ClearTSCComparatorModeIO	0	static
../Drivers/STM32U0xx_HAL_Driver/Src/stm32u0xx_hal.c:743:6:HAL_SYSCFG_LockSRAM2	0	static
../Drivers/STM32U0xx_HAL_Driver/Src/stm32u0xx_hal.c:753:6:HAL_SYSCFG_UnlockSRAM2	0	static
../Drivers/STM32U0xx_HAL_Driver/Src/stm32u0xx_hal.c:766:6:HAL_SYSCFG_EraseSRAM2	0	static
